Archive member included to satisfy reference by file (symbol)

d:/hbo-ict/ipass/gcc-arm-none-eabi-9-2019-q4-major-win32/bin/../lib/gcc/arm-none-eabi/9.2.1/thumb/v7-m/nofp\libgcc.a(_aeabi_ldivmod.o)
                              main.o (__aeabi_ldivmod)
d:/hbo-ict/ipass/gcc-arm-none-eabi-9-2019-q4-major-win32/bin/../lib/gcc/arm-none-eabi/9.2.1/thumb/v7-m/nofp\libgcc.a(_aeabi_uldivmod.o)
                              hwlib.o (__aeabi_uldivmod)
d:/hbo-ict/ipass/gcc-arm-none-eabi-9-2019-q4-major-win32/bin/../lib/gcc/arm-none-eabi/9.2.1/thumb/v7-m/nofp\libgcc.a(_udivmoddi4.o)
                              d:/hbo-ict/ipass/gcc-arm-none-eabi-9-2019-q4-major-win32/bin/../lib/gcc/arm-none-eabi/9.2.1/thumb/v7-m/nofp\libgcc.a(_aeabi_ldivmod.o) (__udivmoddi4)
d:/hbo-ict/ipass/gcc-arm-none-eabi-9-2019-q4-major-win32/bin/../lib/gcc/arm-none-eabi/9.2.1/thumb/v7-m/nofp\libgcc.a(_dvmd_tls.o)
                              d:/hbo-ict/ipass/gcc-arm-none-eabi-9-2019-q4-major-win32/bin/../lib/gcc/arm-none-eabi/9.2.1/thumb/v7-m/nofp\libgcc.a(_aeabi_ldivmod.o) (__aeabi_ldiv0)
d:/hbo-ict/ipass/gcc-arm-none-eabi-9-2019-q4-major-win32/bin/../lib/gcc/arm-none-eabi/9.2.1/../../../../arm-none-eabi/lib/thumb/v7-m/nofp\libc.a(lib_a-memmove.o)
                              gy33.o (memmove)
d:/hbo-ict/ipass/gcc-arm-none-eabi-9-2019-q4-major-win32/bin/../lib/gcc/arm-none-eabi/9.2.1/../../../../arm-none-eabi/lib/thumb/v7-m/nofp\libc.a(lib_a-rand.o)
                              main.o (srand)
d:/hbo-ict/ipass/gcc-arm-none-eabi-9-2019-q4-major-win32/bin/../lib/gcc/arm-none-eabi/9.2.1/../../../../arm-none-eabi/lib/thumb/v7-m/nofp\libc.a(lib_a-impure.o)
                              d:/hbo-ict/ipass/gcc-arm-none-eabi-9-2019-q4-major-win32/bin/../lib/gcc/arm-none-eabi/9.2.1/../../../../arm-none-eabi/lib/thumb/v7-m/nofp\libc.a(lib_a-rand.o) (_impure_ptr)

Allocating common symbols
Common symbol       size              file

__dso_handle        0x4               bmptk_cortex.o

Discarded input sections

 .group         0x00000000        0x8 gy33.o
 .group         0x00000000        0x8 gy33.o
 .group         0x00000000        0xc gy33.o
 .group         0x00000000        0x8 gy33.o
 .text          0x00000000        0x0 gy33.o
 .data          0x00000000        0x0 gy33.o
 .bss           0x00000000        0x0 gy33.o
 .text._ZN3due11ad_pin_infoENS_7ad_pinsE
                0x00000000       0x1c gy33.o
 .text._ZN3due11ad_seq_infoEm
                0x00000000       0x20 gy33.o
 .text._ZN5hwlib19uart_char_availableEv
                0x00000000        0x4 gy33.o
 .text._ZN5hwlib9uart_getcEv
                0x00000000        0x4 gy33.o
 .rodata._ZZN3due11ad_pin_infoENS_7ad_pinsEE17ad_pin_info_array
                0x00000000        0xc gy33.o
 .rodata._ZZN3due11ad_seq_infoEmE12ad_seq_array
                0x00000000       0x70 gy33.o
 .group         0x00000000        0x8 hwlib.o
 .group         0x00000000        0x8 hwlib.o
 .group         0x00000000        0x8 hwlib.o
 .group         0x00000000        0x8 hwlib.o
 .group         0x00000000        0x8 hwlib.o
 .group         0x00000000        0x8 hwlib.o
 .group         0x00000000        0x8 hwlib.o
 .group         0x00000000        0x8 hwlib.o
 .group         0x00000000        0x8 hwlib.o
 .group         0x00000000        0x8 hwlib.o
 .group         0x00000000        0x8 hwlib.o
 .group         0x00000000        0x8 hwlib.o
 .group         0x00000000        0x8 hwlib.o
 .group         0x00000000        0x8 hwlib.o
 .group         0x00000000        0x8 hwlib.o
 .group         0x00000000        0x8 hwlib.o
 .group         0x00000000        0x8 hwlib.o
 .group         0x00000000        0x8 hwlib.o
 .group         0x00000000        0x8 hwlib.o
 .group         0x00000000        0x8 hwlib.o
 .group         0x00000000        0x8 hwlib.o
 .group         0x00000000        0x8 hwlib.o
 .group         0x00000000        0x8 hwlib.o
 .group         0x00000000        0x8 hwlib.o
 .group         0x00000000        0x8 hwlib.o
 .group         0x00000000        0x8 hwlib.o
 .group         0x00000000        0x8 hwlib.o
 .group         0x00000000        0x8 hwlib.o
 .group         0x00000000        0x8 hwlib.o
 .group         0x00000000        0x8 hwlib.o
 .group         0x00000000        0x8 hwlib.o
 .group         0x00000000        0x8 hwlib.o
 .group         0x00000000        0x8 hwlib.o
 .group         0x00000000        0x8 hwlib.o
 .group         0x00000000        0x8 hwlib.o
 .group         0x00000000        0x8 hwlib.o
 .group         0x00000000        0x8 hwlib.o
 .group         0x00000000        0x8 hwlib.o
 .group         0x00000000        0x8 hwlib.o
 .group         0x00000000        0x8 hwlib.o
 .group         0x00000000        0x8 hwlib.o
 .group         0x00000000        0x8 hwlib.o
 .group         0x00000000        0x8 hwlib.o
 .group         0x00000000        0x8 hwlib.o
 .group         0x00000000        0x8 hwlib.o
 .group         0x00000000        0x8 hwlib.o
 .group         0x00000000        0x8 hwlib.o
 .group         0x00000000        0x8 hwlib.o
 .group         0x00000000        0x8 hwlib.o
 .group         0x00000000        0x8 hwlib.o
 .group         0x00000000        0x8 hwlib.o
 .group         0x00000000        0x8 hwlib.o
 .group         0x00000000        0x8 hwlib.o
 .group         0x00000000        0x8 hwlib.o
 .group         0x00000000        0x8 hwlib.o
 .group         0x00000000        0x8 hwlib.o
 .group         0x00000000        0x8 hwlib.o
 .group         0x00000000        0x8 hwlib.o
 .group         0x00000000        0x8 hwlib.o
 .group         0x00000000        0x8 hwlib.o
 .group         0x00000000        0x8 hwlib.o
 .group         0x00000000        0x8 hwlib.o
 .group         0x00000000        0x8 hwlib.o
 .group         0x00000000        0x8 hwlib.o
 .group         0x00000000        0x8 hwlib.o
 .group         0x00000000        0x8 hwlib.o
 .group         0x00000000        0x8 hwlib.o
 .group         0x00000000        0x8 hwlib.o
 .group         0x00000000        0x8 hwlib.o
 .group         0x00000000        0x8 hwlib.o
 .group         0x00000000        0x8 hwlib.o
 .group         0x00000000        0x8 hwlib.o
 .group         0x00000000        0x8 hwlib.o
 .group         0x00000000        0x8 hwlib.o
 .group         0x00000000        0x8 hwlib.o
 .group         0x00000000        0x8 hwlib.o
 .group         0x00000000        0x8 hwlib.o
 .group         0x00000000        0x8 hwlib.o
 .group         0x00000000        0x8 hwlib.o
 .group         0x00000000        0x8 hwlib.o
 .group         0x00000000        0x8 hwlib.o
 .group         0x00000000        0x8 hwlib.o
 .group         0x00000000        0x8 hwlib.o
 .group         0x00000000        0x8 hwlib.o
 .group         0x00000000        0x8 hwlib.o
 .group         0x00000000        0x8 hwlib.o
 .group         0x00000000        0x8 hwlib.o
 .group         0x00000000        0x8 hwlib.o
 .group         0x00000000        0x8 hwlib.o
 .group         0x00000000        0x8 hwlib.o
 .group         0x00000000        0x8 hwlib.o
 .group         0x00000000        0x8 hwlib.o
 .group         0x00000000        0x8 hwlib.o
 .group         0x00000000        0x8 hwlib.o
 .group         0x00000000        0x8 hwlib.o
 .group         0x00000000        0x8 hwlib.o
 .group         0x00000000        0x8 hwlib.o
 .group         0x00000000        0x8 hwlib.o
 .group         0x00000000        0x8 hwlib.o
 .group         0x00000000        0x8 hwlib.o
 .group         0x00000000        0x8 hwlib.o
 .group         0x00000000        0x8 hwlib.o
 .group         0x00000000        0x8 hwlib.o
 .group         0x00000000        0x8 hwlib.o
 .group         0x00000000        0x8 hwlib.o
 .group         0x00000000        0x8 hwlib.o
 .group         0x00000000        0x8 hwlib.o
 .group         0x00000000        0x8 hwlib.o
 .group         0x00000000        0x8 hwlib.o
 .group         0x00000000        0x8 hwlib.o
 .group         0x00000000        0x8 hwlib.o
 .group         0x00000000        0x8 hwlib.o
 .group         0x00000000        0x8 hwlib.o
 .group         0x00000000        0x8 hwlib.o
 .group         0x00000000        0x8 hwlib.o
 .group         0x00000000        0x8 hwlib.o
 .group         0x00000000        0x8 hwlib.o
 .group         0x00000000        0x8 hwlib.o
 .group         0x00000000        0x8 hwlib.o
 .group         0x00000000        0x8 hwlib.o
 .group         0x00000000        0x8 hwlib.o
 .group         0x00000000        0x8 hwlib.o
 .group         0x00000000        0x8 hwlib.o
 .group         0x00000000        0x8 hwlib.o
 .group         0x00000000        0x8 hwlib.o
 .group         0x00000000        0x8 hwlib.o
 .group         0x00000000        0x8 hwlib.o
 .group         0x00000000        0x8 hwlib.o
 .group         0x00000000        0x8 hwlib.o
 .group         0x00000000        0x8 hwlib.o
 .group         0x00000000        0x8 hwlib.o
 .group         0x00000000        0x8 hwlib.o
 .group         0x00000000        0x8 hwlib.o
 .group         0x00000000        0x8 hwlib.o
 .group         0x00000000        0x8 hwlib.o
 .group         0x00000000        0x8 hwlib.o
 .group         0x00000000        0x8 hwlib.o
 .group         0x00000000        0x8 hwlib.o
 .group         0x00000000        0x8 hwlib.o
 .group         0x00000000        0x8 hwlib.o
 .group         0x00000000        0x8 hwlib.o
 .group         0x00000000        0x8 hwlib.o
 .group         0x00000000        0x8 hwlib.o
 .group         0x00000000        0x8 hwlib.o
 .group         0x00000000        0x8 hwlib.o
 .group         0x00000000        0x8 hwlib.o
 .group         0x00000000        0x8 hwlib.o
 .group         0x00000000        0x8 hwlib.o
 .group         0x00000000        0x8 hwlib.o
 .group         0x00000000        0x8 hwlib.o
 .group         0x00000000        0x8 hwlib.o
 .group         0x00000000        0x8 hwlib.o
 .group         0x00000000        0x8 hwlib.o
 .group         0x00000000        0x8 hwlib.o
 .group         0x00000000        0x8 hwlib.o
 .group         0x00000000        0x8 hwlib.o
 .group         0x00000000        0x8 hwlib.o
 .group         0x00000000        0x8 hwlib.o
 .group         0x00000000        0x8 hwlib.o
 .group         0x00000000        0x8 hwlib.o
 .group         0x00000000        0x8 hwlib.o
 .group         0x00000000        0x8 hwlib.o
 .group         0x00000000        0x8 hwlib.o
 .group         0x00000000        0x8 hwlib.o
 .group         0x00000000        0x8 hwlib.o
 .group         0x00000000        0x8 hwlib.o
 .group         0x00000000        0x8 hwlib.o
 .group         0x00000000        0x8 hwlib.o
 .group         0x00000000        0x8 hwlib.o
 .group         0x00000000        0x8 hwlib.o
 .group         0x00000000        0x8 hwlib.o
 .group         0x00000000        0x8 hwlib.o
 .group         0x00000000        0x8 hwlib.o
 .group         0x00000000        0x8 hwlib.o
 .group         0x00000000        0x8 hwlib.o
 .group         0x00000000        0x8 hwlib.o
 .group         0x00000000        0x8 hwlib.o
 .group         0x00000000        0x8 hwlib.o
 .group         0x00000000        0x8 hwlib.o
 .group         0x00000000        0x8 hwlib.o
 .group         0x00000000        0x8 hwlib.o
 .group         0x00000000        0x8 hwlib.o
 .group         0x00000000        0x8 hwlib.o
 .group         0x00000000        0x8 hwlib.o
 .group         0x00000000        0xc hwlib.o
 .group         0x00000000        0x8 hwlib.o
 .group         0x00000000        0x8 hwlib.o
 .group         0x00000000        0x8 hwlib.o
 .group         0x00000000        0x8 hwlib.o
 .group         0x00000000        0x8 hwlib.o
 .group         0x00000000        0x8 hwlib.o
 .group         0x00000000        0x8 hwlib.o
 .group         0x00000000        0xc hwlib.o
 .group         0x00000000        0x8 hwlib.o
 .group         0x00000000        0xc hwlib.o
 .group         0x00000000        0xc hwlib.o
 .group         0x00000000        0x8 hwlib.o
 .group         0x00000000        0xc hwlib.o
 .group         0x00000000        0xc hwlib.o
 .group         0x00000000        0x8 hwlib.o
 .group         0x00000000        0xc hwlib.o
 .group         0x00000000        0xc hwlib.o
 .group         0x00000000        0xc hwlib.o
 .group         0x00000000        0xc hwlib.o
 .group         0x00000000        0xc hwlib.o
 .group         0x00000000        0x8 hwlib.o
 .group         0x00000000        0xc hwlib.o
 .group         0x00000000        0xc hwlib.o
 .group         0x00000000        0xc hwlib.o
 .group         0x00000000        0xc hwlib.o
 .group         0x00000000        0xc hwlib.o
 .group         0x00000000        0xc hwlib.o
 .group         0x00000000        0xc hwlib.o
 .group         0x00000000        0xc hwlib.o
 .group         0x00000000        0xc hwlib.o
 .group         0x00000000        0xc hwlib.o
 .group         0x00000000        0xc hwlib.o
 .group         0x00000000        0xc hwlib.o
 .group         0x00000000        0xc hwlib.o
 .group         0x00000000        0xc hwlib.o
 .group         0x00000000        0xc hwlib.o
 .group         0x00000000        0xc hwlib.o
 .group         0x00000000        0xc hwlib.o
 .group         0x00000000        0xc hwlib.o
 .group         0x00000000        0xc hwlib.o
 .group         0x00000000        0xc hwlib.o
 .group         0x00000000        0xc hwlib.o
 .group         0x00000000        0xc hwlib.o
 .group         0x00000000        0xc hwlib.o
 .group         0x00000000        0xc hwlib.o
 .group         0x00000000        0xc hwlib.o
 .group         0x00000000        0xc hwlib.o
 .group         0x00000000        0xc hwlib.o
 .group         0x00000000        0xc hwlib.o
 .group         0x00000000        0xc hwlib.o
 .group         0x00000000        0xc hwlib.o
 .group         0x00000000        0xc hwlib.o
 .group         0x00000000        0xc hwlib.o
 .group         0x00000000        0xc hwlib.o
 .group         0x00000000        0xc hwlib.o
 .group         0x00000000        0xc hwlib.o
 .group         0x00000000        0xc hwlib.o
 .group         0x00000000        0xc hwlib.o
 .group         0x00000000        0xc hwlib.o
 .group         0x00000000        0xc hwlib.o
 .group         0x00000000        0xc hwlib.o
 .group         0x00000000        0xc hwlib.o
 .group         0x00000000        0xc hwlib.o
 .group         0x00000000        0xc hwlib.o
 .group         0x00000000        0xc hwlib.o
 .group         0x00000000        0xc hwlib.o
 .group         0x00000000        0xc hwlib.o
 .group         0x00000000        0xc hwlib.o
 .group         0x00000000        0xc hwlib.o
 .group         0x00000000        0xc hwlib.o
 .group         0x00000000        0xc hwlib.o
 .group         0x00000000        0xc hwlib.o
 .group         0x00000000        0xc hwlib.o
 .group         0x00000000        0xc hwlib.o
 .group         0x00000000        0xc hwlib.o
 .group         0x00000000        0xc hwlib.o
 .group         0x00000000        0xc hwlib.o
 .group         0x00000000        0xc hwlib.o
 .group         0x00000000        0xc hwlib.o
 .group         0x00000000        0xc hwlib.o
 .group         0x00000000        0xc hwlib.o
 .group         0x00000000        0xc hwlib.o
 .group         0x00000000        0xc hwlib.o
 .group         0x00000000        0xc hwlib.o
 .group         0x00000000        0xc hwlib.o
 .group         0x00000000        0xc hwlib.o
 .group         0x00000000        0xc hwlib.o
 .group         0x00000000        0xc hwlib.o
 .group         0x00000000        0xc hwlib.o
 .group         0x00000000        0xc hwlib.o
 .group         0x00000000        0xc hwlib.o
 .text          0x00000000        0x0 hwlib.o
 .data          0x00000000        0x0 hwlib.o
 .bss           0x00000000        0x0 hwlib.o
 .text._ZN5hwlib18pin_in_out_dummy_t5writeEb
                0x00000000        0x2 hwlib.o
 .text._ZN5hwlib18pin_in_out_dummy_t4readEv
                0x00000000        0x4 hwlib.o
 .text._ZN5hwlib18pin_in_out_dummy_t19direction_set_inputEv
                0x00000000        0x2 hwlib.o
 .text._ZN5hwlib18pin_in_out_dummy_t20direction_set_outputEv
                0x00000000        0x2 hwlib.o
 .text._ZN5hwlib18pin_in_out_dummy_t5flushEv
                0x00000000        0x2 hwlib.o
 .text._ZN5hwlib18pin_in_out_dummy_t7refreshEv
                0x00000000        0x2 hwlib.o
 .text._ZN5hwlib18pin_in_out_dummy_t15direction_flushEv
                0x00000000        0x2 hwlib.o
 .text._ZN5hwlib14pin_in_dummy_t4readEv
                0x00000000        0x4 hwlib.o
 .text._ZN5hwlib14pin_in_dummy_t7refreshEv
                0x00000000        0x2 hwlib.o
 .text._ZN5hwlib14pin_oc_dummy_t5writeEb
                0x00000000        0x2 hwlib.o
 .text._ZN5hwlib14pin_oc_dummy_t4readEv
                0x00000000        0x4 hwlib.o
 .text._ZN5hwlib14pin_oc_dummy_t5flushEv
                0x00000000        0x2 hwlib.o
 .text._ZN5hwlib14pin_oc_dummy_t7refreshEv
                0x00000000        0x2 hwlib.o
 .text._ZN5hwlib17pin_out_from_oc_t5writeEb
                0x00000000        0x8 hwlib.o
 .text._ZN5hwlib17pin_out_from_oc_t5flushEv
                0x00000000        0x8 hwlib.o
 .text._ZN5hwlib18pin_out_from_out_t5writeEb
                0x00000000        0x8 hwlib.o
 .text._ZN5hwlib18pin_out_from_out_t5flushEv
                0x00000000        0x8 hwlib.o
 .text._ZN5hwlib21pin_out_from_in_out_t5writeEb
                0x00000000        0x8 hwlib.o
 .text._ZN5hwlib21pin_out_from_in_out_t5flushEv
                0x00000000        0x8 hwlib.o
 .text._ZN5hwlib16pin_in_from_oc_t4readEv
                0x00000000        0x8 hwlib.o
 .text._ZN5hwlib16pin_in_from_oc_t7refreshEv
                0x00000000        0x8 hwlib.o
 .text._ZN5hwlib16pin_in_from_in_t4readEv
                0x00000000        0x8 hwlib.o
 .text._ZN5hwlib16pin_in_from_in_t7refreshEv
                0x00000000        0x8 hwlib.o
 .text._ZN5hwlib20pin_in_from_in_out_t4readEv
                0x00000000        0x8 hwlib.o
 .text._ZN5hwlib20pin_in_from_in_out_t7refreshEv
                0x00000000        0x8 hwlib.o
 .text._ZN5hwlib20pin_in_out_from_oc_t19direction_set_inputEv
                0x00000000        0xe hwlib.o
 .text._ZN5hwlib20pin_in_out_from_oc_t20direction_set_outputEv
                0x00000000        0x6 hwlib.o
 .text._ZN5hwlib20pin_in_out_from_oc_t4readEv
                0x00000000        0x8 hwlib.o
 .text._ZN5hwlib20pin_in_out_from_oc_t5flushEv
                0x00000000        0x8 hwlib.o
 .text._ZN5hwlib20pin_in_out_from_oc_t7refreshEv
                0x00000000        0x8 hwlib.o
 .text._ZN5hwlib20pin_in_out_from_oc_t15direction_flushEv
                0x00000000        0x8 hwlib.o
 .text._ZN5hwlib24pin_in_out_from_in_out_t19direction_set_inputEv
                0x00000000        0x8 hwlib.o
 .text._ZN5hwlib24pin_in_out_from_in_out_t20direction_set_outputEv
                0x00000000        0x8 hwlib.o
 .text._ZN5hwlib24pin_in_out_from_in_out_t4readEv
                0x00000000        0x8 hwlib.o
 .text._ZN5hwlib24pin_in_out_from_in_out_t5writeEb
                0x00000000        0x8 hwlib.o
 .text._ZN5hwlib24pin_in_out_from_in_out_t5flushEv
                0x00000000        0x8 hwlib.o
 .text._ZN5hwlib24pin_in_out_from_in_out_t7refreshEv
                0x00000000        0x8 hwlib.o
 .text._ZN5hwlib24pin_in_out_from_in_out_t15direction_flushEv
                0x00000000        0x8 hwlib.o
 .text._ZN5hwlib16pin_oc_from_oc_t4readEv
                0x00000000        0x8 hwlib.o
 .text._ZN5hwlib16pin_oc_from_oc_t5writeEb
                0x00000000        0x8 hwlib.o
 .text._ZN5hwlib16pin_oc_from_oc_t5flushEv
                0x00000000        0x8 hwlib.o
 .text._ZN5hwlib16pin_oc_from_oc_t7refreshEv
                0x00000000        0x8 hwlib.o
 .text._ZN5hwlib20pin_oc_from_in_out_t4readEv
                0x00000000        0x8 hwlib.o
 .text._ZN5hwlib20pin_oc_from_in_out_t5flushEv
                0x00000000       0x18 hwlib.o
 .text._ZN5hwlib20pin_oc_from_in_out_t7refreshEv
                0x00000000        0x8 hwlib.o
 .text._ZN5hwlib21pin_invert_from_out_t5writeEb
                0x00000000        0xc hwlib.o
 .text._ZN5hwlib21pin_invert_from_out_t5flushEv
                0x00000000        0x8 hwlib.o
 .text._ZN5hwlib20pin_invert_from_in_t4readEv
                0x00000000       0x12 hwlib.o
 .text._ZN5hwlib20pin_invert_from_in_t7refreshEv
                0x00000000        0x8 hwlib.o
 .text._ZN5hwlib24pin_invert_from_in_out_t4readEv
                0x00000000       0x12 hwlib.o
 .text._ZN5hwlib24pin_invert_from_in_out_t5writeEb
                0x00000000        0xc hwlib.o
 .text._ZN5hwlib24pin_invert_from_in_out_t19direction_set_inputEv
                0x00000000        0x8 hwlib.o
 .text._ZN5hwlib24pin_invert_from_in_out_t20direction_set_outputEv
                0x00000000        0x8 hwlib.o
 .text._ZN5hwlib24pin_invert_from_in_out_t7refreshEv
                0x00000000        0x8 hwlib.o
 .text._ZN5hwlib24pin_invert_from_in_out_t5flushEv
                0x00000000        0x8 hwlib.o
 .text._ZN5hwlib24pin_invert_from_in_out_t15direction_flushEv
                0x00000000        0x8 hwlib.o
 .text._ZN5hwlib20pin_invert_from_oc_t4readEv
                0x00000000       0x12 hwlib.o
 .text._ZN5hwlib20pin_invert_from_oc_t5writeEb
                0x00000000        0xc hwlib.o
 .text._ZN5hwlib20pin_invert_from_oc_t7refreshEv
                0x00000000        0x8 hwlib.o
 .text._ZN5hwlib20pin_invert_from_oc_t5flushEv
                0x00000000        0x8 hwlib.o
 .text._ZN5hwlib18all_from_pin_out_t5writeEb
                0x00000000       0x1e hwlib.o
 .text._ZN5hwlib18all_from_pin_out_t5flushEv
                0x00000000       0x1a hwlib.o
 .text._ZN5hwlib24pin_direct_from_in_out_t5writeEb
                0x00000000       0x18 hwlib.o
 .text._ZN5hwlib24pin_direct_from_in_out_t4readEv
                0x00000000       0x18 hwlib.o
 .text._ZN5hwlib24pin_direct_from_in_out_t19direction_set_inputEv
                0x00000000       0x18 hwlib.o
 .text._ZN5hwlib24pin_direct_from_in_out_t20direction_set_outputEv
                0x00000000       0x18 hwlib.o
 .text._ZN5hwlib24pin_direct_from_in_out_t5flushEv
                0x00000000        0x2 hwlib.o
 .text._ZN5hwlib24pin_direct_from_in_out_t7refreshEv
                0x00000000        0x2 hwlib.o
 .text._ZN5hwlib24pin_direct_from_in_out_t15direction_flushEv
                0x00000000        0x2 hwlib.o
 .text._ZN5hwlib20pin_direct_from_in_t4readEv
                0x00000000       0x18 hwlib.o
 .text._ZN5hwlib20pin_direct_from_in_t7refreshEv
                0x00000000        0x2 hwlib.o
 .text._ZN5hwlib21pin_direct_from_out_t5writeEb
                0x00000000       0x18 hwlib.o
 .text._ZN5hwlib21pin_direct_from_out_t5flushEv
                0x00000000        0x2 hwlib.o
 .text._ZN5hwlib20pin_direct_from_oc_t5writeEb
                0x00000000       0x18 hwlib.o
 .text._ZN5hwlib20pin_direct_from_oc_t4readEv
                0x00000000       0x18 hwlib.o
 .text._ZN5hwlib20pin_direct_from_oc_t5flushEv
                0x00000000        0x2 hwlib.o
 .text._ZN5hwlib20pin_direct_from_oc_t7refreshEv
                0x00000000        0x2 hwlib.o
 .text._ZN5hwlib18port_out_from_oc_t14number_of_pinsEv
                0x00000000        0x8 hwlib.o
 .text._ZN5hwlib18port_out_from_oc_t5writeEj
                0x00000000        0x8 hwlib.o
 .text._ZN5hwlib18port_out_from_oc_t5flushEv
                0x00000000        0x8 hwlib.o
 .text._ZN5hwlib19port_out_from_out_t14number_of_pinsEv
                0x00000000        0x8 hwlib.o
 .text._ZN5hwlib19port_out_from_out_t5writeEj
                0x00000000        0x8 hwlib.o
 .text._ZN5hwlib19port_out_from_out_t5flushEv
                0x00000000        0x8 hwlib.o
 .text._ZN5hwlib22port_out_from_in_out_t14number_of_pinsEv
                0x00000000        0x8 hwlib.o
 .text._ZN5hwlib22port_out_from_in_out_t5writeEj
                0x00000000        0x8 hwlib.o
 .text._ZN5hwlib22port_out_from_in_out_t5flushEv
                0x00000000        0x8 hwlib.o
 .text._ZN5hwlib17port_in_from_oc_t14number_of_pinsEv
                0x00000000        0x8 hwlib.o
 .text._ZN5hwlib17port_in_from_oc_t4readEv
                0x00000000        0x8 hwlib.o
 .text._ZN5hwlib17port_in_from_oc_t7refreshEv
                0x00000000        0x8 hwlib.o
 .text._ZN5hwlib17port_in_from_in_t14number_of_pinsEv
                0x00000000        0x8 hwlib.o
 .text._ZN5hwlib17port_in_from_in_t4readEv
                0x00000000        0x8 hwlib.o
 .text._ZN5hwlib17port_in_from_in_t7refreshEv
                0x00000000        0x8 hwlib.o
 .text._ZN5hwlib21port_in_from_in_out_t14number_of_pinsEv
                0x00000000        0x8 hwlib.o
 .text._ZN5hwlib21port_in_from_in_out_t4readEv
                0x00000000        0x8 hwlib.o
 .text._ZN5hwlib21port_in_from_in_out_t7refreshEv
                0x00000000        0x8 hwlib.o
 .text._ZN5hwlib21port_in_out_from_oc_t14number_of_pinsEv
                0x00000000        0x8 hwlib.o
 .text._ZN5hwlib21port_in_out_from_oc_t19direction_set_inputEv
                0x00000000        0xe hwlib.o
 .text._ZN5hwlib21port_in_out_from_oc_t20direction_set_outputEv
                0x00000000        0x6 hwlib.o
 .text._ZN5hwlib21port_in_out_from_oc_t4readEv
                0x00000000        0x8 hwlib.o
 .text._ZN5hwlib21port_in_out_from_oc_t5flushEv
                0x00000000        0x8 hwlib.o
 .text._ZN5hwlib21port_in_out_from_oc_t7refreshEv
                0x00000000        0x8 hwlib.o
 .text._ZN5hwlib21port_in_out_from_oc_t15direction_flushEv
                0x00000000        0x8 hwlib.o
 .text._ZN5hwlib25port_in_out_from_in_out_t14number_of_pinsEv
                0x00000000        0x8 hwlib.o
 .text._ZN5hwlib25port_in_out_from_in_out_t19direction_set_inputEv
                0x00000000        0x8 hwlib.o
 .text._ZN5hwlib25port_in_out_from_in_out_t20direction_set_outputEv
                0x00000000        0x8 hwlib.o
 .text._ZN5hwlib25port_in_out_from_in_out_t4readEv
                0x00000000        0x8 hwlib.o
 .text._ZN5hwlib25port_in_out_from_in_out_t5writeEj
                0x00000000        0x8 hwlib.o
 .text._ZN5hwlib25port_in_out_from_in_out_t5flushEv
                0x00000000        0x8 hwlib.o
 .text._ZN5hwlib25port_in_out_from_in_out_t7refreshEv
                0x00000000        0x8 hwlib.o
 .text._ZN5hwlib25port_in_out_from_in_out_t15direction_flushEv
                0x00000000        0x8 hwlib.o
 .text._ZN5hwlib17port_oc_from_oc_t14number_of_pinsEv
                0x00000000        0x8 hwlib.o
 .text._ZN5hwlib17port_oc_from_oc_t4readEv
                0x00000000        0x8 hwlib.o
 .text._ZN5hwlib17port_oc_from_oc_t5writeEj
                0x00000000        0x8 hwlib.o
 .text._ZN5hwlib17port_oc_from_oc_t5flushEv
                0x00000000        0x8 hwlib.o
 .text._ZN5hwlib17port_oc_from_oc_t7refreshEv
                0x00000000        0x8 hwlib.o
 .text._ZN5hwlib23port_in_out_from_pins_t14number_of_pinsEv
                0x00000000        0x4 hwlib.o
 .text._ZN5hwlib23port_in_out_from_pins_t19direction_set_inputEv
                0x00000000       0x20 hwlib.o
 .text._ZN5hwlib23port_in_out_from_pins_t20direction_set_outputEv
                0x00000000       0x20 hwlib.o
 .text._ZN5hwlib23port_in_out_from_pins_t15direction_flushEv
                0x00000000       0x20 hwlib.o
 .text._ZN5hwlib23port_in_out_from_pins_t4readEv
                0x00000000       0x2a hwlib.o
 .text._ZN5hwlib23port_in_out_from_pins_t7refreshEv
                0x00000000       0x20 hwlib.o
 .text._ZN5hwlib23port_in_out_from_pins_t5writeEj
                0x00000000       0x28 hwlib.o
 .text._ZN5hwlib23port_in_out_from_pins_t5flushEv
                0x00000000       0x20 hwlib.o
 .text._ZN5hwlib19port_in_from_pins_t14number_of_pinsEv
                0x00000000        0x4 hwlib.o
 .text._ZN5hwlib19port_in_from_pins_t4readEv
                0x00000000       0x2a hwlib.o
 .text._ZN5hwlib19port_in_from_pins_t7refreshEv
                0x00000000       0x20 hwlib.o
 .text._ZN5hwlib23port_out_from_pins_oc_t14number_of_pinsEv
                0x00000000        0x4 hwlib.o
 .text._ZN5hwlib23port_out_from_pins_oc_t5writeEj
                0x00000000       0x28 hwlib.o
 .text._ZN5hwlib23port_out_from_pins_oc_t5flushEv
                0x00000000       0x20 hwlib.o
 .text._ZN5hwlib19port_oc_from_pins_t14number_of_pinsEv
                0x00000000        0x4 hwlib.o
 .text._ZN5hwlib19port_oc_from_pins_t4readEv
                0x00000000       0x2a hwlib.o
 .text._ZN5hwlib19port_oc_from_pins_t5writeEj
                0x00000000       0x28 hwlib.o
 .text._ZN5hwlib19port_oc_from_pins_t7refreshEv
                0x00000000       0x20 hwlib.o
 .text._ZN5hwlib19port_oc_from_pins_t5flushEv
                0x00000000       0x20 hwlib.o
 .text._ZN5hwlib25port_invert_from_in_out_t19direction_set_inputEv
                0x00000000        0x8 hwlib.o
 .text._ZN5hwlib25port_invert_from_in_out_t20direction_set_outputEv
                0x00000000        0x8 hwlib.o
 .text._ZN5hwlib25port_invert_from_in_out_t14number_of_pinsEv
                0x00000000        0x8 hwlib.o
 .text._ZN5hwlib25port_invert_from_in_out_t4readEv
                0x00000000        0xe hwlib.o
 .text._ZN5hwlib25port_invert_from_in_out_t7refreshEv
                0x00000000        0x8 hwlib.o
 .text._ZN5hwlib25port_invert_from_in_out_t5writeEj
                0x00000000        0xa hwlib.o
 .text._ZN5hwlib25port_invert_from_in_out_t5flushEv
                0x00000000        0x8 hwlib.o
 .text._ZN5hwlib25port_invert_from_in_out_t15direction_flushEv
                0x00000000        0x8 hwlib.o
 .text._ZN5hwlib21port_invert_from_in_t14number_of_pinsEv
                0x00000000        0x8 hwlib.o
 .text._ZN5hwlib21port_invert_from_in_t4readEv
                0x00000000        0xe hwlib.o
 .text._ZN5hwlib21port_invert_from_in_t7refreshEv
                0x00000000        0x8 hwlib.o
 .text._ZN5hwlib22port_invert_from_out_t14number_of_pinsEv
                0x00000000        0x8 hwlib.o
 .text._ZN5hwlib22port_invert_from_out_t5writeEj
                0x00000000        0xa hwlib.o
 .text._ZN5hwlib22port_invert_from_out_t5flushEv
                0x00000000        0x8 hwlib.o
 .text._ZN5hwlib21port_invert_from_oc_t14number_of_pinsEv
                0x00000000        0x8 hwlib.o
 .text._ZN5hwlib21port_invert_from_oc_t4readEv
                0x00000000        0xe hwlib.o
 .text._ZN5hwlib21port_invert_from_oc_t7refreshEv
                0x00000000        0x8 hwlib.o
 .text._ZN5hwlib21port_invert_from_oc_t5writeEj
                0x00000000        0xa hwlib.o
 .text._ZN5hwlib21port_invert_from_oc_t5flushEv
                0x00000000        0x8 hwlib.o
 .text._ZN5hwlib19all_from_port_out_t5writeEb
                0x00000000       0x10 hwlib.o
 .text._ZN5hwlib19all_from_port_out_t5flushEv
                0x00000000        0x8 hwlib.o
 .text._ZN5hwlib25port_direct_from_in_out_t14number_of_pinsEv
                0x00000000        0x8 hwlib.o
 .text._ZN5hwlib25port_direct_from_in_out_t5writeEj
                0x00000000       0x18 hwlib.o
 .text._ZN5hwlib25port_direct_from_in_out_t4readEv
                0x00000000       0x18 hwlib.o
 .text._ZN5hwlib25port_direct_from_in_out_t19direction_set_inputEv
                0x00000000       0x18 hwlib.o
 .text._ZN5hwlib25port_direct_from_in_out_t20direction_set_outputEv
                0x00000000       0x18 hwlib.o
 .text._ZN5hwlib25port_direct_from_in_out_t5flushEv
                0x00000000        0x2 hwlib.o
 .text._ZN5hwlib25port_direct_from_in_out_t7refreshEv
                0x00000000        0x2 hwlib.o
 .text._ZN5hwlib25port_direct_from_in_out_t15direction_flushEv
                0x00000000        0x2 hwlib.o
 .text._ZN5hwlib21port_direct_from_in_t14number_of_pinsEv
                0x00000000        0x8 hwlib.o
 .text._ZN5hwlib21port_direct_from_in_t4readEv
                0x00000000       0x18 hwlib.o
 .text._ZN5hwlib21port_direct_from_in_t7refreshEv
                0x00000000        0x2 hwlib.o
 .text._ZN5hwlib22port_direct_from_out_t14number_of_pinsEv
                0x00000000        0x8 hwlib.o
 .text._ZN5hwlib22port_direct_from_out_t5writeEj
                0x00000000       0x18 hwlib.o
 .text._ZN5hwlib22port_direct_from_out_t5flushEv
                0x00000000        0x2 hwlib.o
 .text._ZN5hwlib21port_direct_from_oc_t14number_of_pinsEv
                0x00000000        0x8 hwlib.o
 .text._ZN5hwlib21port_direct_from_oc_t5writeEj
                0x00000000       0x18 hwlib.o
 .text._ZN5hwlib21port_direct_from_oc_t4readEv
                0x00000000       0x18 hwlib.o
 .text._ZN5hwlib21port_direct_from_oc_t5flushEv
                0x00000000        0x2 hwlib.o
 .text._ZN5hwlib21port_direct_from_oc_t7refreshEv
                0x00000000        0x2 hwlib.o
 .text._ZN5hwlib7istream11getc_nowaitEv
                0x00000000       0x1a hwlib.o
 .text._ZN5hwlib13servo_dummy_t8write_usEi
                0x00000000        0x2 hwlib.o
 .text._ZN5hwlib14servo_invert_t8write_usEi
                0x00000000       0x12 hwlib.o
 .text._ZN5hwlib11servo_all_t8write_usEi
                0x00000000       0x20 hwlib.o
 .text._ZNK5hwlib9image_8x819read_implementationENS_2xyE
                0x00000000       0x4c hwlib.o
 .text._ZN5hwlib13window_part_t5flushEv
                0x00000000        0x8 hwlib.o
 .text._ZN5hwlib15window_invert_t5flushEv
                0x00000000        0x8 hwlib.o
 .text._ZN5hwlib20pin_in_out_from_oc_t5writeEb
                0x00000000        0xe hwlib.o
 .text._ZN5hwlib20pin_oc_from_in_out_t5writeEb
                0x00000000       0x26 hwlib.o
 .text._ZN5hwlib21port_in_out_from_oc_t5writeEj
                0x00000000        0xe hwlib.o
 .text._ZN5hwlib6window20clear_implementationENS_5colorE
                0x00000000       0x6c hwlib.o
 .text._ZN5hwlib6window5clearENS_5colorE
                0x00000000       0x3c hwlib.o
 .text._ZN5hwlib3allENS_2xyE
                0x00000000       0x16 hwlib.o
 .text._ZNK5hwlib5colorngEv
                0x00000000       0x2e hwlib.o
 .text._ZN5hwlib4randEv
                0x00000000       0x1c hwlib.o
 .text._ZN5hwlib9random_inEjj
                0x00000000       0x1a hwlib.o
 .text._ZN5hwlib9random_inERKNS_2xyE
                0x00000000       0x24 hwlib.o
 .text._ZN5hwlib21pin_out_from_in_out_tC2ERNS_10pin_in_outE
                0x00000000       0x24 hwlib.o
 .text._ZN5hwlib12pin_out_fromERNS_6pin_ocE
                0x00000000        0xc hwlib.o
 .text._ZN5hwlib12pin_out_fromERNS_7pin_outE
                0x00000000        0xc hwlib.o
 .text._ZN5hwlib12pin_out_fromERNS_10pin_in_outE
                0x00000000        0xc hwlib.o
 .text._ZN5hwlib11pin_in_fromERNS_6pin_inE
                0x00000000        0xc hwlib.o
 .text._ZN5hwlib11pin_in_fromERNS_10pin_in_outE
                0x00000000       0x24 hwlib.o
 .text._ZN5hwlib11pin_in_fromERNS_6pin_ocE
                0x00000000       0x28 hwlib.o
 .text._ZN5hwlib15pin_in_out_fromERNS_6pin_ocE
                0x00000000        0xc hwlib.o
 .text._ZN5hwlib15pin_in_out_fromERNS_10pin_in_outE
                0x00000000        0xc hwlib.o
 .text._ZN5hwlib11pin_oc_fromERNS_6pin_ocE
                0x00000000        0xc hwlib.o
 .text._ZN5hwlib11pin_oc_fromERNS_10pin_in_outE
                0x00000000        0xc hwlib.o
 .text._ZN5hwlib6invertERNS_7pin_outE
                0x00000000        0xc hwlib.o
 .text._ZN5hwlib6invertERNS_6pin_inE
                0x00000000        0xc hwlib.o
 .text._ZN5hwlib6invertERNS_10pin_in_outE
                0x00000000        0xc hwlib.o
 .text._ZN5hwlib6invertERNS_6pin_ocE
                0x00000000        0xc hwlib.o
 .text._ZN5hwlib3allERNS_7pin_outES1_S1_S1_S1_S1_S1_S1_S1_S1_S1_S1_S1_S1_S1_S1_
                0x00000000       0x48 hwlib.o
 .text._ZN5hwlib6directERNS_7pin_outE
                0x00000000        0xc hwlib.o
 .text._ZN5hwlib6directERNS_6pin_inE
                0x00000000        0xc hwlib.o
 .text._ZN5hwlib6directERNS_10pin_in_outE
                0x00000000        0xc hwlib.o
 .text._ZN5hwlib6directERNS_6pin_ocE
                0x00000000        0xc hwlib.o
 .text._ZN5hwlib22port_out_from_in_out_tC2ERNS_11port_in_outE
                0x00000000       0x24 hwlib.o
 .text._ZN5hwlib13port_out_fromERNS_7port_ocE
                0x00000000        0xc hwlib.o
 .text._ZN5hwlib13port_out_fromERNS_8port_outE
                0x00000000        0xc hwlib.o
 .text._ZN5hwlib13port_out_fromERNS_11port_in_outE
                0x00000000        0xc hwlib.o
 .text._ZN5hwlib12port_in_fromERNS_7port_inE
                0x00000000        0xc hwlib.o
 .text._ZN5hwlib12port_in_fromERNS_11port_in_outE
                0x00000000       0x24 hwlib.o
 .text._ZN5hwlib12port_in_fromERNS_7port_ocE
                0x00000000       0x28 hwlib.o
 .text._ZN5hwlib16port_in_out_fromERNS_7port_ocE
                0x00000000        0xc hwlib.o
 .text._ZN5hwlib16port_in_out_fromERNS_11port_in_outE
                0x00000000        0xc hwlib.o
 .text._ZN5hwlib12port_oc_fromERNS_7port_ocE
                0x00000000        0xc hwlib.o
 .text._ZN5hwlib16port_in_out_fromERNS_10pin_in_outES1_S1_S1_S1_S1_S1_S1_S1_S1_S1_S1_S1_S1_S1_S1_
                0x00000000       0x68 hwlib.o
 .text._ZN5hwlib13port_out_fromERNS_6pin_ocES1_S1_S1_S1_S1_S1_S1_S1_S1_S1_S1_S1_S1_S1_S1_
                0x00000000       0x68 hwlib.o
 .text._ZN5hwlib12port_in_fromERNS_6pin_inES1_S1_S1_S1_S1_S1_S1_S1_S1_S1_S1_S1_S1_S1_S1_
                0x00000000       0x68 hwlib.o
 .text._ZN5hwlib12port_oc_fromERNS_6pin_ocES1_S1_S1_S1_S1_S1_S1_S1_S1_S1_S1_S1_S1_S1_S1_
                0x00000000       0x68 hwlib.o
 .text._ZN5hwlib6invertERNS_8port_outE
                0x00000000        0xc hwlib.o
 .text._ZN5hwlib6invertERNS_7port_inE
                0x00000000        0xc hwlib.o
 .text._ZN5hwlib6invertERNS_11port_in_outE
                0x00000000        0xc hwlib.o
 .text._ZN5hwlib6invertERNS_7port_ocE
                0x00000000        0xc hwlib.o
 .text._ZN5hwlib3allERNS_8port_outE
                0x00000000        0xc hwlib.o
 .text._ZN5hwlib6directERNS_8port_outE
                0x00000000        0xc hwlib.o
 .text._ZN5hwlib6directERNS_7port_inE
                0x00000000        0xc hwlib.o
 .text._ZN5hwlib6directERNS_11port_in_outE
                0x00000000        0xc hwlib.o
 .text._ZN5hwlib6directERNS_7port_ocE
                0x00000000        0xc hwlib.o
 .text._ZN5hwliblsERNS_7ostreamEi
                0x00000000       0xca hwlib.o
 .text._ZN5hwlib6strlenEPKc
                0x00000000        0xe hwlib.o
 .rodata._ZN5hwlib8test_endEv.str1.1
                0x00000000       0x54 hwlib.o
 .text._ZN5hwlib8test_endEv
                0x00000000       0x58 hwlib.o
 .text._ZN5hwlib6invertERNS_5servoE
                0x00000000       0x20 hwlib.o
 .text._ZN5hwlib3allERNS_5servoES1_S1_S1_S1_S1_S1_S1_S1_S1_S1_S1_S1_S1_S1_S1_
                0x00000000       0x5c hwlib.o
 .text._ZNK5hwlib5image4readENS_2xyE
                0x00000000       0x38 hwlib.o
 .text._ZNK5hwlib16image_mirror_y_t19read_implementationENS_2xyE
                0x00000000       0x44 hwlib.o
 .text._ZNK5hwlib16image_mirror_x_t19read_implementationENS_2xyE
                0x00000000       0x46 hwlib.o
 .text._ZNK5hwlib17image_transpose_t19read_implementationENS_2xyE
                0x00000000       0x3e hwlib.o
 .text._ZNK5hwlib14image_invert_t19read_implementationENS_2xyE
                0x00000000       0x4a hwlib.o
 .text._ZNK5hwlib12image_part_t19read_implementationENS_2xyE
                0x00000000       0x4a hwlib.o
 .text._ZN5hwlib4partERKNS_5imageENS_2xyES3_
                0x00000000       0x28 hwlib.o
 .text._ZN5hwlib6invertERKNS_5imageE
                0x00000000       0x18 hwlib.o
 .text._ZN5hwlib9transposeERKNS_5imageE
                0x00000000       0x18 hwlib.o
 .text._ZN5hwlib8mirror_xERKNS_5imageE
                0x00000000       0x18 hwlib.o
 .text._ZN5hwlib8mirror_yERKNS_5imageE
                0x00000000       0x18 hwlib.o
 .text._ZN5hwlib6window5writeENS_2xyENS_5colorE
                0x00000000       0x5c hwlib.o
 .text._ZN5hwlib15window_invert_t20write_implementationENS_2xyENS_5colorE
                0x00000000       0x24 hwlib.o
 .text._ZN5hwlib13window_part_t20write_implementationENS_2xyENS_5colorE
                0x00000000       0x2c hwlib.o
 .text._ZN5hwlib6circle4drawERNS_6windowE
                0x00000000      0x16c hwlib.o
 .text._ZN5hwlib4line4drawERNS_6windowE
                0x00000000       0xa4 hwlib.o
 .text._ZN5hwlib4partERNS_6windowENS_2xyES2_
                0x00000000       0x44 hwlib.o
 .text._ZN5hwlib6invertERNS_6windowE
                0x00000000       0x48 hwlib.o
 .text._ZN6sam3xa10SystemInitEv
                0x00000000       0x7c hwlib.o
 .rodata._ZN3due8pin_infoENS_4pinsE.str1.1
                0x00000000       0x32 hwlib.o
 .text._ZN3due8pin_infoENS_4pinsE
                0x00000000       0x20 hwlib.o
 .text._ZN3due11ad_pin_infoENS_7ad_pinsE
                0x00000000       0x1c hwlib.o
 .text._ZN3due11ad_seq_infoEm
                0x00000000       0x20 hwlib.o
 .text._ZN3due14port_registersEm
                0x00000000       0x38 hwlib.o
 .text._ZN3due12ticks_per_usEv
                0x00000000        0x6 hwlib.o
 .text._ZN3due9now_ticksEv
                0x00000000       0x7c hwlib.o
 .text._ZN3due19uart_char_availableEv
                0x00000000       0x18 hwlib.o
 .text._ZN3due9uart_getcEv
                0x00000000       0x1c hwlib.o
 .text._ZN5hwlib9uart_putcEc
                0x00000000        0x4 hwlib.o
 .text._ZN5hwlib19uart_char_availableEv
                0x00000000        0x4 hwlib.o
 .text._ZN5hwlib19cin_using_uart_getc14char_availableEv
                0x00000000        0x8 hwlib.o
 .text._ZN5hwlib9uart_getcEv
                0x00000000        0x4 hwlib.o
 .text._ZN5hwlib19cin_using_uart_getc4getcEv
                0x00000000        0x8 hwlib.o
 .text._ZN5hwlib9now_ticksEv
                0x00000000        0x8 hwlib.o
 .text._ZN5hwlib12ticks_per_usEv
                0x00000000        0x8 hwlib.o
 .text._ZN5hwlib12wait_us_busyEi
                0x00000000       0x1c hwlib.o
 .text._ZN5hwlib24uart_putc_bit_banged_pinEcRNS_7pin_outE
                0x00000000       0x56 hwlib.o
 .text._ZN5hwlib12wait_ns_busyEi
                0x00000000       0x10 hwlib.o
 .text._ZN5hwlib12wait_ms_busyEi
                0x00000000       0x16 hwlib.o
 .text._ZN5hwlib7wait_nsEi
                0x00000000       0x14 hwlib.o
 .text._ZN5hwlib24uart_getc_bit_banged_pinERNS_6pin_inE
                0x00000000       0x72 hwlib.o
 .text._ZN5hwlib5blinkERNS_7pin_outEj
                0x00000000       0x38 hwlib.o
 .text._ZN5hwlib5blinkERNS_10pin_in_outEj
                0x00000000       0x14 hwlib.o
 .text._ZN5hwlib5blinkERNS_6pin_ocEj
                0x00000000       0x14 hwlib.o
 .text._ZN5hwlib5blinkERNS_7pin_outEjj
                0x00000000       0x42 hwlib.o
 .text._ZN5hwlib5blinkERNS_6pin_ocEjj
                0x00000000       0x18 hwlib.o
 .text._ZN5hwlib5blinkERNS_10pin_in_outEjj
                0x00000000       0x1c hwlib.o
 .text._ZN5hwlib4kittERNS_8port_outEj
                0x00000000       0x50 hwlib.o
 .text._ZN5hwlib4kittERNS_11port_in_outEj
                0x00000000       0x14 hwlib.o
 .text._ZN5hwlib4kittERNS_7port_ocEj
                0x00000000       0x14 hwlib.o
 .text._ZN5hwlib5snakeERNS_8port_outEj
                0x00000000       0x30 hwlib.o
 .text._ZN5hwlib5snakeERNS_11port_in_outEj
                0x00000000       0x14 hwlib.o
 .text._ZN5hwlib5snakeERNS_7port_ocEj
                0x00000000       0x14 hwlib.o
 .text._ZN5hwlib14scrolling_textERNS_8terminalEPKcjjj
                0x00000000       0x64 hwlib.o
 .text._ZN5hwlib12dac_triangleERNS_3dacEj
                0x00000000       0x36 hwlib.o
 .text._ZN5hwlib21graphics_random_linesERNS_6windowEjRKNS_5colorE
                0x00000000       0x8c hwlib.o
 .text._ZN5hwlib23graphics_random_circlesERNS_6windowEjRKNS_5colorE
                0x00000000       0x98 hwlib.o
 .rodata._ZTVN5hwlib18pin_in_out_dummy_tE
                0x00000000       0x24 hwlib.o
 .rodata._ZTVN5hwlib14pin_in_dummy_tE
                0x00000000       0x10 hwlib.o
 .rodata._ZTVN5hwlib14pin_oc_dummy_tE
                0x00000000       0x18 hwlib.o
 .rodata._ZTVN5hwlib17pin_out_from_oc_tE
                0x00000000       0x10 hwlib.o
 .rodata._ZTVN5hwlib18pin_out_from_out_tE
                0x00000000       0x10 hwlib.o
 .rodata._ZTVN5hwlib21pin_out_from_in_out_tE
                0x00000000       0x10 hwlib.o
 .rodata._ZTVN5hwlib16pin_in_from_oc_tE
                0x00000000       0x10 hwlib.o
 .rodata._ZTVN5hwlib16pin_in_from_in_tE
                0x00000000       0x10 hwlib.o
 .rodata._ZTVN5hwlib20pin_in_from_in_out_tE
                0x00000000       0x10 hwlib.o
 .rodata._ZTVN5hwlib20pin_in_out_from_oc_tE
                0x00000000       0x24 hwlib.o
 .rodata._ZTVN5hwlib24pin_in_out_from_in_out_tE
                0x00000000       0x24 hwlib.o
 .rodata._ZTVN5hwlib16pin_oc_from_oc_tE
                0x00000000       0x18 hwlib.o
 .rodata._ZTVN5hwlib20pin_oc_from_in_out_tE
                0x00000000       0x18 hwlib.o
 .rodata._ZTVN5hwlib21pin_invert_from_out_tE
                0x00000000       0x10 hwlib.o
 .rodata._ZTVN5hwlib20pin_invert_from_in_tE
                0x00000000       0x10 hwlib.o
 .rodata._ZTVN5hwlib24pin_invert_from_in_out_tE
                0x00000000       0x24 hwlib.o
 .rodata._ZTVN5hwlib20pin_invert_from_oc_tE
                0x00000000       0x18 hwlib.o
 .rodata._ZTVN5hwlib18all_from_pin_out_tE
                0x00000000       0x10 hwlib.o
 .rodata._ZTVN5hwlib24pin_direct_from_in_out_tE
                0x00000000       0x24 hwlib.o
 .rodata._ZTVN5hwlib20pin_direct_from_in_tE
                0x00000000       0x10 hwlib.o
 .rodata._ZTVN5hwlib21pin_direct_from_out_tE
                0x00000000       0x10 hwlib.o
 .rodata._ZTVN5hwlib20pin_direct_from_oc_tE
                0x00000000       0x18 hwlib.o
 .rodata._ZTVN5hwlib18port_out_from_oc_tE
                0x00000000       0x14 hwlib.o
 .rodata._ZTVN5hwlib19port_out_from_out_tE
                0x00000000       0x14 hwlib.o
 .rodata._ZTVN5hwlib22port_out_from_in_out_tE
                0x00000000       0x14 hwlib.o
 .rodata._ZTVN5hwlib17port_in_from_oc_tE
                0x00000000       0x14 hwlib.o
 .rodata._ZTVN5hwlib17port_in_from_in_tE
                0x00000000       0x14 hwlib.o
 .rodata._ZTVN5hwlib21port_in_from_in_out_tE
                0x00000000       0x14 hwlib.o
 .rodata._ZTVN5hwlib21port_in_out_from_oc_tE
                0x00000000       0x28 hwlib.o
 .rodata._ZTVN5hwlib25port_in_out_from_in_out_tE
                0x00000000       0x28 hwlib.o
 .rodata._ZTVN5hwlib17port_oc_from_oc_tE
                0x00000000       0x1c hwlib.o
 .rodata._ZTVN5hwlib23port_in_out_from_pins_tE
                0x00000000       0x28 hwlib.o
 .rodata._ZTVN5hwlib19port_in_from_pins_tE
                0x00000000       0x14 hwlib.o
 .rodata._ZTVN5hwlib23port_out_from_pins_oc_tE
                0x00000000       0x14 hwlib.o
 .rodata._ZTVN5hwlib19port_oc_from_pins_tE
                0x00000000       0x1c hwlib.o
 .rodata._ZTVN5hwlib25port_invert_from_in_out_tE
                0x00000000       0x28 hwlib.o
 .rodata._ZTVN5hwlib21port_invert_from_in_tE
                0x00000000       0x14 hwlib.o
 .rodata._ZTVN5hwlib22port_invert_from_out_tE
                0x00000000       0x14 hwlib.o
 .rodata._ZTVN5hwlib21port_invert_from_oc_tE
                0x00000000       0x1c hwlib.o
 .rodata._ZTVN5hwlib19all_from_port_out_tE
                0x00000000       0x10 hwlib.o
 .rodata._ZTVN5hwlib25port_direct_from_in_out_tE
                0x00000000       0x28 hwlib.o
 .rodata._ZTVN5hwlib21port_direct_from_in_tE
                0x00000000       0x14 hwlib.o
 .rodata._ZTVN5hwlib22port_direct_from_out_tE
                0x00000000       0x14 hwlib.o
 .rodata._ZTVN5hwlib21port_direct_from_oc_tE
                0x00000000       0x1c hwlib.o
 .rodata._ZTVN5hwlib19cin_using_uart_getcE
                0x00000000       0x14 hwlib.o
 .rodata._ZTVN5hwlib13servo_dummy_tE
                0x00000000        0xc hwlib.o
 .rodata._ZTVN5hwlib14servo_invert_tE
                0x00000000        0xc hwlib.o
 .rodata._ZTVN5hwlib11servo_all_tE
                0x00000000        0xc hwlib.o
 .rodata._ZTVN5hwlib9image_8x8E
                0x00000000        0xc hwlib.o
 .rodata._ZTVN5hwlib12image_part_tE
                0x00000000        0xc hwlib.o
 .rodata._ZTVN5hwlib14image_invert_tE
                0x00000000        0xc hwlib.o
 .rodata._ZTVN5hwlib17image_transpose_tE
                0x00000000        0xc hwlib.o
 .rodata._ZTVN5hwlib16image_mirror_x_tE
                0x00000000        0xc hwlib.o
 .rodata._ZTVN5hwlib16image_mirror_y_tE
                0x00000000        0xc hwlib.o
 .rodata._ZTVN5hwlib6windowE
                0x00000000       0x18 hwlib.o
 .rodata._ZTVN5hwlib4lineE
                0x00000000        0xc hwlib.o
 .rodata._ZTVN5hwlib6circleE
                0x00000000        0xc hwlib.o
 .rodata._ZTVN5hwlib13window_part_tE
                0x00000000       0x18 hwlib.o
 .rodata._ZTVN5hwlib15window_invert_tE
                0x00000000       0x18 hwlib.o
 .bss._ZN5hwlib11string_base5dummyE
                0x00000000        0x1 hwlib.o
 .bss._ZN5hwlib18_equal_calls_countE
                0x00000000        0x4 hwlib.o
 .bss._ZN5hwlib18random_chain_valueE
                0x00000000        0x4 hwlib.o
 .bss._ZN5hwlib21_equal_failures_countE
                0x00000000        0x4 hwlib.o
 .bss._ZZN3due9now_ticksEvE4high
                0x00000000        0x8 hwlib.o
 .bss._ZZN3due9now_ticksEvE8last_low
                0x00000000        0x4 hwlib.o
 .bss._ZZN3due9now_ticksEvE9init_done
                0x00000000        0x1 hwlib.o
 .data._ZN5hwlib11servo_dummyE
                0x00000000       0x14 hwlib.o
 .data._ZN5hwlib12pin_in_dummyE
                0x00000000        0x4 hwlib.o
 .data._ZN5hwlib12pin_oc_dummyE
                0x00000000        0x4 hwlib.o
 .data._ZN5hwlib16pin_in_out_dummyE
                0x00000000        0x4 hwlib.o
 .data._ZN5hwlib3cinE
                0x00000000        0x4 hwlib.o
 .data._ZN6sam3xa15SystemCoreClockE
                0x00000000        0x4 hwlib.o
 .rodata._ZN5hwlib15font_16x16_dataE
                0x00000000      0xbe4 hwlib.o
 .rodata._ZN5hwlib16font_default_8x86imagesE
                0x00000000      0xa00 hwlib.o
 .rodata._ZN5hwlibL11unspecifiedE
                0x00000000        0x4 hwlib.o
 .rodata._ZN5hwlibL5blackE
                0x00000000        0x4 hwlib.o
 .rodata._ZN5hwlibL5whiteE
                0x00000000        0x4 hwlib.o
 .rodata._ZZN3due11ad_pin_infoENS_7ad_pinsEE17ad_pin_info_array
                0x00000000        0xc hwlib.o
 .rodata._ZZN3due11ad_seq_infoEmE12ad_seq_array
                0x00000000       0x70 hwlib.o
 .rodata._ZZN3due8pin_infoENS_4pinsEE14pin_info_array
                0x00000000       0xa4 hwlib.o
 .group         0x00000000        0x8 main.o
 .group         0x00000000        0x8 main.o
 .group         0x00000000        0x8 main.o
 .group         0x00000000        0x8 main.o
 .group         0x00000000        0x8 main.o
 .group         0x00000000        0x8 main.o
 .group         0x00000000        0x8 main.o
 .group         0x00000000        0x8 main.o
 .group         0x00000000        0x8 main.o
 .group         0x00000000        0x8 main.o
 .group         0x00000000        0x8 main.o
 .group         0x00000000        0x8 main.o
 .group         0x00000000        0x8 main.o
 .group         0x00000000        0x8 main.o
 .group         0x00000000        0x8 main.o
 .group         0x00000000        0xc main.o
 .group         0x00000000        0xc main.o
 .group         0x00000000        0xc main.o
 .group         0x00000000        0xc main.o
 .group         0x00000000        0x8 main.o
 .group         0x00000000        0x8 main.o
 .group         0x00000000        0xc main.o
 .group         0x00000000        0xc main.o
 .group         0x00000000        0xc main.o
 .group         0x00000000        0xc main.o
 .group         0x00000000        0xc main.o
 .group         0x00000000        0xc main.o
 .group         0x00000000        0xc main.o
 .group         0x00000000        0xc main.o
 .group         0x00000000        0xc main.o
 .text          0x00000000        0x0 main.o
 .data          0x00000000        0x0 main.o
 .bss           0x00000000        0x0 main.o
 .text._ZN5hwlib20port_out_from_pins_t5writeEj
                0x00000000       0x28 main.o
 .text._ZN5hwlib7ostream6fillerEi
                0x00000000       0x1a main.o
 .text._ZN5hwliblsERNS_7ostreamEPKc
                0x00000000       0x4e main.o
 .text._ZN6sam3xa10SystemInitEv
                0x00000000       0x7c main.o
 .rodata._ZN3due8pin_infoENS_4pinsE.str1.1
                0x00000000       0x32 main.o
 .text._ZN3due8pin_infoENS_4pinsE
                0x00000000       0x20 main.o
 .text._ZN3due11ad_pin_infoENS_7ad_pinsE
                0x00000000       0x1c main.o
 .text._ZN3due11ad_seq_infoEm
                0x00000000       0x20 main.o
 .text._ZN3due14port_registersEm
                0x00000000       0x38 main.o
 .text._ZN3due12ticks_per_usEv
                0x00000000        0x6 main.o
 .text._ZN3due9now_ticksEv
                0x00000000       0x7c main.o
 .text._ZN5hwlib9uart_putcEc
                0x00000000        0x4 main.o
 .text._ZN5hwlib19uart_char_availableEv
                0x00000000        0x4 main.o
 .text._ZN5hwlib9uart_getcEv
                0x00000000        0x4 main.o
 .bss._ZZN3due9now_ticksEvE4high
                0x00000000        0x8 main.o
 .bss._ZZN3due9now_ticksEvE8last_low
                0x00000000        0x4 main.o
 .bss._ZZN3due9now_ticksEvE9init_done
                0x00000000        0x1 main.o
 .data._ZN6sam3xa15SystemCoreClockE
                0x00000000        0x4 main.o
 .rodata._ZZN3due11ad_pin_infoENS_7ad_pinsEE17ad_pin_info_array
                0x00000000        0xc main.o
 .rodata._ZZN3due11ad_seq_infoEmE12ad_seq_array
                0x00000000       0x70 main.o
 .rodata._ZZN3due8pin_infoENS_4pinsEE14pin_info_array
                0x00000000       0xa4 main.o
 .text          0x00000000        0x0 bmptk_cortex.o
 .data          0x00000000        0x0 bmptk_cortex.o
 .bss           0x00000000        0x0 bmptk_cortex.o
 .text.__aeabi_idiv0
                0x00000000        0x4 bmptk_cortex.o
 .text.__cxa_pure_virtual
                0x00000000        0x2 bmptk_cortex.o
 COMMON         0x00000000        0x4 bmptk_cortex.o
 .text          0x00000000        0x0 bmptk_heap_none.o
 .data          0x00000000        0x0 bmptk_heap_none.o
 .bss           0x00000000        0x0 bmptk_heap_none.o
 .text.malloc   0x00000000        0xa bmptk_heap_none.o
 .text.free     0x00000000        0x4 bmptk_heap_none.o
 .comment       0x00000000       0x7a bmptk_heap_none.o
 .text          0x00000000        0x0 bmptk_fixed_size_stack.o
 .data          0x00000000        0x0 bmptk_fixed_size_stack.o
 .bss           0x00000000        0x0 bmptk_fixed_size_stack.o
 .data          0x00000000        0x0 d:/hbo-ict/ipass/gcc-arm-none-eabi-9-2019-q4-major-win32/bin/../lib/gcc/arm-none-eabi/9.2.1/thumb/v7-m/nofp\libgcc.a(_aeabi_ldivmod.o)
 .bss           0x00000000        0x0 d:/hbo-ict/ipass/gcc-arm-none-eabi-9-2019-q4-major-win32/bin/../lib/gcc/arm-none-eabi/9.2.1/thumb/v7-m/nofp\libgcc.a(_aeabi_ldivmod.o)
 .data          0x00000000        0x0 d:/hbo-ict/ipass/gcc-arm-none-eabi-9-2019-q4-major-win32/bin/../lib/gcc/arm-none-eabi/9.2.1/thumb/v7-m/nofp\libgcc.a(_aeabi_uldivmod.o)
 .bss           0x00000000        0x0 d:/hbo-ict/ipass/gcc-arm-none-eabi-9-2019-q4-major-win32/bin/../lib/gcc/arm-none-eabi/9.2.1/thumb/v7-m/nofp\libgcc.a(_aeabi_uldivmod.o)
 .data          0x00000000        0x0 d:/hbo-ict/ipass/gcc-arm-none-eabi-9-2019-q4-major-win32/bin/../lib/gcc/arm-none-eabi/9.2.1/thumb/v7-m/nofp\libgcc.a(_udivmoddi4.o)
 .bss           0x00000000        0x0 d:/hbo-ict/ipass/gcc-arm-none-eabi-9-2019-q4-major-win32/bin/../lib/gcc/arm-none-eabi/9.2.1/thumb/v7-m/nofp\libgcc.a(_udivmoddi4.o)
 .ARM.extab     0x00000000        0x0 d:/hbo-ict/ipass/gcc-arm-none-eabi-9-2019-q4-major-win32/bin/../lib/gcc/arm-none-eabi/9.2.1/thumb/v7-m/nofp\libgcc.a(_udivmoddi4.o)
 .data          0x00000000        0x0 d:/hbo-ict/ipass/gcc-arm-none-eabi-9-2019-q4-major-win32/bin/../lib/gcc/arm-none-eabi/9.2.1/thumb/v7-m/nofp\libgcc.a(_dvmd_tls.o)
 .bss           0x00000000        0x0 d:/hbo-ict/ipass/gcc-arm-none-eabi-9-2019-q4-major-win32/bin/../lib/gcc/arm-none-eabi/9.2.1/thumb/v7-m/nofp\libgcc.a(_dvmd_tls.o)
 .text          0x00000000        0x0 d:/hbo-ict/ipass/gcc-arm-none-eabi-9-2019-q4-major-win32/bin/../lib/gcc/arm-none-eabi/9.2.1/../../../../arm-none-eabi/lib/thumb/v7-m/nofp\libc.a(lib_a-memmove.o)
 .data          0x00000000        0x0 d:/hbo-ict/ipass/gcc-arm-none-eabi-9-2019-q4-major-win32/bin/../lib/gcc/arm-none-eabi/9.2.1/../../../../arm-none-eabi/lib/thumb/v7-m/nofp\libc.a(lib_a-memmove.o)
 .bss           0x00000000        0x0 d:/hbo-ict/ipass/gcc-arm-none-eabi-9-2019-q4-major-win32/bin/../lib/gcc/arm-none-eabi/9.2.1/../../../../arm-none-eabi/lib/thumb/v7-m/nofp\libc.a(lib_a-memmove.o)
 .text          0x00000000        0x0 d:/hbo-ict/ipass/gcc-arm-none-eabi-9-2019-q4-major-win32/bin/../lib/gcc/arm-none-eabi/9.2.1/../../../../arm-none-eabi/lib/thumb/v7-m/nofp\libc.a(lib_a-rand.o)
 .data          0x00000000        0x0 d:/hbo-ict/ipass/gcc-arm-none-eabi-9-2019-q4-major-win32/bin/../lib/gcc/arm-none-eabi/9.2.1/../../../../arm-none-eabi/lib/thumb/v7-m/nofp\libc.a(lib_a-rand.o)
 .bss           0x00000000        0x0 d:/hbo-ict/ipass/gcc-arm-none-eabi-9-2019-q4-major-win32/bin/../lib/gcc/arm-none-eabi/9.2.1/../../../../arm-none-eabi/lib/thumb/v7-m/nofp\libc.a(lib_a-rand.o)
 .text          0x00000000        0x0 d:/hbo-ict/ipass/gcc-arm-none-eabi-9-2019-q4-major-win32/bin/../lib/gcc/arm-none-eabi/9.2.1/../../../../arm-none-eabi/lib/thumb/v7-m/nofp\libc.a(lib_a-impure.o)
 .data          0x00000000        0x0 d:/hbo-ict/ipass/gcc-arm-none-eabi-9-2019-q4-major-win32/bin/../lib/gcc/arm-none-eabi/9.2.1/../../../../arm-none-eabi/lib/thumb/v7-m/nofp\libc.a(lib_a-impure.o)
 .bss           0x00000000        0x0 d:/hbo-ict/ipass/gcc-arm-none-eabi-9-2019-q4-major-win32/bin/../lib/gcc/arm-none-eabi/9.2.1/../../../../arm-none-eabi/lib/thumb/v7-m/nofp\libc.a(lib_a-impure.o)
 .rodata._global_impure_ptr
                0x00000000        0x4 d:/hbo-ict/ipass/gcc-arm-none-eabi-9-2019-q4-major-win32/bin/../lib/gcc/arm-none-eabi/9.2.1/../../../../arm-none-eabi/lib/thumb/v7-m/nofp\libc.a(lib_a-impure.o)

Memory Configuration

Name             Origin             Length             Attributes
rom              0x00000000         0x00080000         xr
ram              0x20070000         0x00018000         xrw
nul              0x20088000         0x00000000         xrw
*default*        0x00000000         0xffffffff

Linker script and memory map

LOAD d:/hbo-ict/ipass/gcc-arm-none-eabi-9-2019-q4-major-win32/bin/../lib/gcc/arm-none-eabi/9.2.1/thumb/v7-m/nofp\libgcc.a
LOAD gy33.o
LOAD hwlib.o
LOAD main.o
LOAD bmptk_cortex.o
LOAD bmptk_heap_none.o
LOAD bmptk_fixed_size_stack.o
LOAD d:/hbo-ict/ipass/gcc-arm-none-eabi-9-2019-q4-major-win32/bin/../lib/gcc/arm-none-eabi/9.2.1/../../../../arm-none-eabi/lib/thumb/v7-m/nofp\libm.a
LOAD d:/hbo-ict/ipass/gcc-arm-none-eabi-9-2019-q4-major-win32/bin/../lib/gcc/arm-none-eabi/9.2.1/thumb/v7-m/nofp\libgcc.a
LOAD d:/hbo-ict/ipass/gcc-arm-none-eabi-9-2019-q4-major-win32/bin/../lib/gcc/arm-none-eabi/9.2.1/../../../../arm-none-eabi/lib/thumb/v7-m/nofp\libc.a
                0x00000000                __rom_start = ORIGIN (rom)
                0x00080000                __rom_size = LENGTH (rom)
                0x00080000                __rom_end = (__rom_start + __rom_size)
                0x20070000                __ram_start = ORIGIN (ram)
                0x00018000                __ram_size = LENGTH (ram)
                0x20088000                __ram_end = (__ram_start + __ram_size)
                [!provide]                PROVIDE (__rom_start = __rom_start)
                [!provide]                PROVIDE (__rom_size = __rom_size)
                [!provide]                PROVIDE (__rom_end = __rom_end)
                [!provide]                PROVIDE (__ram_start = __ram_start)
                [!provide]                PROVIDE (__ram_size = __ram_size)
                [!provide]                PROVIDE (__ram_end = __ram_end)

.text           0x00000000     0x17ac
                0x00000000                . = ALIGN (0x4)
                0x00000000                __text_start = .
                [!provide]                PROVIDE (__text_start = __text_start)
                0x00000000                . = ALIGN (0x4)
 *(.vectors)
 .vectors       0x00000000       0x40 bmptk_cortex.o
                0x00000000                __vectors
                0x00000040                . = ALIGN (0x4)
 *(.EXTI)
 .EXTI          0x00000040       0x78 bmptk_cortex.o
                0x00000040                __externalISR
                0x000000b8                . = ALIGN (0x4)
 *(.text .text.* .gnu.linkonce.t.*)
 .text._ZN5hwlib21i2c_write_transaction5writeEh.isra.0
                0x000000b8       0x18 gy33.o
 .text._ZSt25__unguarded_linear_insertIPhN9__gnu_cxx5__ops14_Val_less_iterEEvT_T0_.isra.0
                0x000000d0       0x14 gy33.o
 .text._ZSt16__insertion_sortIPhN9__gnu_cxx5__ops15_Iter_less_iterEEvT_S4_T0_.isra.0
                0x000000e4       0x3a gy33.o
 .text._ZN5hwlib21i2c_write_transactionC2ERNS_14i2c_primitivesEj
                0x0000011e       0x24 gy33.o
                0x0000011e                hwlib::i2c_write_transaction::i2c_write_transaction(hwlib::i2c_primitives&, unsigned int)
                0x0000011e                hwlib::i2c_write_transaction::i2c_write_transaction(hwlib::i2c_primitives&, unsigned int)
 .text._ZN5hwlib21i2c_write_transactionD2Ev
                0x00000142       0x18 gy33.o
                0x00000142                hwlib::i2c_write_transaction::~i2c_write_transaction()
                0x00000142                hwlib::i2c_write_transaction::~i2c_write_transaction()
 *fill*         0x0000015a        0x2 
 .text._ZN6sam3xa10SystemInitEv
                0x0000015c       0x7c gy33.o
                0x0000015c                sam3xa::SystemInit()
 .text._ZN3due8pin_infoENS_4pinsE
                0x000001d8       0x20 gy33.o
                0x000001d8                due::pin_info(due::pins)
 .text._ZN3due14port_registersEm
                0x000001f8       0x38 gy33.o
                0x000001f8                due::port_registers(unsigned long)
 .text._ZN3due12ticks_per_usEv
                0x00000230        0x6 gy33.o
                0x00000230                due::ticks_per_us()
 *fill*         0x00000236        0x2 
 .text._ZN3due9now_ticksEv
                0x00000238       0x7c gy33.o
                0x00000238                due::now_ticks()
 .text._ZN5hwlib9uart_putcEc
                0x000002b4        0x4 gy33.o
                0x000002b4                hwlib::uart_putc(char)
 .text._ZN4gy33C2ERN5hwlib7i2c_busERKj
                0x000002b8        0x6 gy33.o
                0x000002b8                gy33::gy33(hwlib::i2c_bus&, unsigned int const&)
                0x000002b8                gy33::gy33(hwlib::i2c_bus&, unsigned int const&)
 .text._ZN4gy335writeEhj
                0x000002be       0x40 gy33.o
                0x000002be                gy33::write(unsigned char, unsigned int)
 .text._ZN4gy334readEh
                0x000002fe       0x7e gy33.o
                0x000002fe                gy33::read(unsigned char)
 .text._ZN4gy337startupEh
                0x0000037c       0x48 gy33.o
                0x0000037c                gy33::startup(unsigned char)
 .text._ZSt13__adjust_heapIPhihN9__gnu_cxx5__ops15_Iter_less_iterEEvT_T0_S5_T1_T2_
                0x000003c4       0x78 gy33.o
                0x000003c4                void std::__adjust_heap<unsigned char*, int, unsigned char, __gnu_cxx::__ops::_Iter_less_iter>(unsigned char*, int, int, unsigned char, __gnu_cxx::__ops::_Iter_less_iter)
 .text._ZSt16__introsort_loopIPhiN9__gnu_cxx5__ops15_Iter_less_iterEEvT_S4_T0_T1_.isra.0
                0x0000043c       0xcc gy33.o
 .text._ZSt6__sortIPhN9__gnu_cxx5__ops15_Iter_less_iterEEvT_S4_T0_.isra.0
                0x00000508       0x46 gy33.o
 .text._ZN4gy3311median_rgbcEv
                0x0000054e       0xd2 gy33.o
                0x0000054e                gy33::median_rgbc()
 .text._ZN5hwlib15pin_out_dummy_t5writeEb
                0x00000620        0x2 hwlib.o
                0x00000620                hwlib::pin_out_dummy_t::write(bool)
 .text._ZN5hwlib15pin_out_dummy_t5flushEv
                0x00000622        0x2 hwlib.o
                0x00000622                hwlib::pin_out_dummy_t::flush()
 .text._ZN5hwlib20port_out_from_pins_t14number_of_pinsEv
                0x00000624        0x4 hwlib.o
                0x00000624                hwlib::port_out_from_pins_t::number_of_pins()
 .text._ZN5hwlib20port_out_from_pins_t5writeEj
                0x00000628       0x28 hwlib.o
                0x00000628                hwlib::port_out_from_pins_t::write(unsigned int)
 .text._ZN5hwlib20port_out_from_pins_t5flushEv
                0x00000650       0x20 hwlib.o
                0x00000650                hwlib::port_out_from_pins_t::flush()
 .text._ZN5hwlib20cout_using_uart_putc5flushEv
                0x00000670        0x2 hwlib.o
                0x00000670                hwlib::cout_using_uart_putc::flush()
 .text._ZN5hwlib5panicEPKcj
                0x00000672        0x2 hwlib.o
                0x00000672                hwlib::panic(char const*, unsigned int)
 .text._ZN5hwlib15background_base18do_background_workEv
                0x00000674       0x3c hwlib.o
                0x00000674                hwlib::background_base::do_background_work()
 .text._ZN5hwlib13port_out_fromERNS_7pin_outES1_S1_S1_S1_S1_S1_S1_S1_S1_S1_S1_S1_S1_S1_S1_
                0x000006b0       0x68 hwlib.o
                0x000006b0                hwlib::port_out_from(hwlib::pin_out&, hwlib::pin_out&, hwlib::pin_out&, hwlib::pin_out&, hwlib::pin_out&, hwlib::pin_out&, hwlib::pin_out&, hwlib::pin_out&, hwlib::pin_out&, hwlib::pin_out&, hwlib::pin_out&, hwlib::pin_out&, hwlib::pin_out&, hwlib::pin_out&, hwlib::pin_out&, hwlib::pin_out&)
 .text._ZN5hwlib7ostreamlsEc
                0x00000718        0xe hwlib.o
                0x00000718                hwlib::ostream::operator<<(char)
 .text._ZN5hwliblsERNS_7ostreamEPKc
                0x00000726       0x60 hwlib.o
                0x00000726                hwlib::operator<<(hwlib::ostream&, char const*)
 *fill*         0x00000786        0x2 
 .text._ZN3due9uart_initEv
                0x00000788       0x60 hwlib.o
                0x00000788                due::uart_init()
 .text._ZN3due9uart_putcEc
                0x000007e8       0x20 hwlib.o
                0x000007e8                due::uart_putc(char)
 .text._ZN5hwlib20cout_using_uart_putc4putcEc
                0x00000808        0xa hwlib.o
                0x00000808                hwlib::cout_using_uart_putc::putc(char)
 .text._ZN5hwlib6now_usEv
                0x00000812       0x1c hwlib.o
                0x00000812                hwlib::now_us()
 .text._ZN5hwlib7wait_usEi
                0x0000082e       0x22 hwlib.o
                0x0000082e                hwlib::wait_us(int)
 .text._ZN5hwlib7wait_msEi
                0x00000850       0x16 hwlib.o
                0x00000850                hwlib::wait_ms(int)
 .text._ZN5hwlib14i2c_primitives8read_ackEv
                0x00000866       0x10 main.o
                0x00000866                hwlib::i2c_primitives::read_ack()
 .text._ZN5hwlib14i2c_primitives9write_ackEv
                0x00000876        0x8 main.o
                0x00000876                hwlib::i2c_primitives::write_ack()
 .text._ZN5hwlib14i2c_primitives10write_nackEv
                0x0000087e        0x8 main.o
                0x0000087e                hwlib::i2c_primitives::write_nack()
 .text._ZN5hwlib14i2c_primitives5writeEh
                0x00000886       0x1c main.o
                0x00000886                hwlib::i2c_primitives::write(unsigned char)
 .text._ZN5hwlib14i2c_primitives5writeEPKhj
                0x000008a2       0x24 main.o
                0x000008a2                hwlib::i2c_primitives::write(unsigned char const*, unsigned int)
 .text._ZN5hwlib14i2c_primitives9read_byteEv
                0x000008c6       0x20 main.o
                0x000008c6                hwlib::i2c_primitives::read_byte()
 .text._ZN5hwlib14i2c_primitives4readEbPhj
                0x000008e6       0x36 main.o
                0x000008e6                hwlib::i2c_primitives::read(bool, unsigned char*, unsigned int)
 .text._ZN3due6pin_in4readEv
                0x0000091c       0x10 main.o
                0x0000091c                due::pin_in::read()
 .text._ZN3due6pin_in7refreshEv
                0x0000092c        0x2 main.o
                0x0000092c                due::pin_in::refresh()
 .text._ZN3due7pin_out5writeEb
                0x0000092e        0xe main.o
                0x0000092e                due::pin_out::write(bool)
 .text._ZN3due7pin_out5flushEv
                0x0000093c        0x2 main.o
                0x0000093c                due::pin_out::flush()
 .text._ZN3due6pin_oc4readEv
                0x0000093e       0x10 main.o
                0x0000093e                due::pin_oc::read()
 .text._ZN3due6pin_oc5writeEb
                0x0000094e       0x10 main.o
                0x0000094e                due::pin_oc::write(bool)
 .text._ZN3due6pin_oc5flushEv
                0x0000095e        0x2 main.o
                0x0000095e                due::pin_oc::flush()
 .text._ZN3due6pin_oc7refreshEv
                0x00000960        0x2 main.o
                0x00000960                due::pin_oc::refresh()
 .text._ZN5hwlib26i2c_bus_bit_banged_scl_sda16wait_half_periodEv.isra.0
                0x00000962        0x6 main.o
 .text._ZN5hwlib26i2c_bus_bit_banged_scl_sda10write_stopEv
                0x00000968       0x60 main.o
                0x00000968                hwlib::i2c_bus_bit_banged_scl_sda::write_stop()
 .text._ZN5hwlib26i2c_bus_bit_banged_scl_sda11write_startEv
                0x000009c8       0x34 main.o
                0x000009c8                hwlib::i2c_bus_bit_banged_scl_sda::write_start()
 .text._ZN5hwlib26i2c_bus_bit_banged_scl_sda8read_bitEv
                0x000009fc       0x68 main.o
                0x000009fc                hwlib::i2c_bus_bit_banged_scl_sda::read_bit()
 .text._ZN5hwlib26i2c_bus_bit_banged_scl_sda9write_bitEb
                0x00000a64       0x52 main.o
                0x00000a64                hwlib::i2c_bus_bit_banged_scl_sda::write_bit(bool)
 *fill*         0x00000ab6        0x2 
 .text._ZN3due6pin_inC2ENS_4pinsE
                0x00000ab8       0x34 main.o
                0x00000ab8                due::pin_in::pin_in(due::pins)
                0x00000ab8                due::pin_in::pin_in(due::pins)
 .text._ZN3due7pin_outC2ENS_4pinsE
                0x00000aec       0x34 main.o
                0x00000aec                due::pin_out::pin_out(due::pins)
                0x00000aec                due::pin_out::pin_out(due::pins)
 .text._ZN3due6pin_ocC2ENS_4pinsE
                0x00000b20       0x34 main.o
                0x00000b20                due::pin_oc::pin_oc(due::pins)
                0x00000b20                due::pin_oc::pin_oc(due::pins)
 .text._Z8generatev
                0x00000b54       0x26 main.o
                0x00000b54                generate()
 .text._Z6lightsSt5arrayIjLj10EEj
                0x00000b7a       0x9e main.o
                0x00000b7a                lights(std::array<unsigned int, 10u>, unsigned int)
 .text._Z10readcolorsv
                0x00000c18       0xfc main.o
                0x00000c18                readcolors()
 .text._Z9spelletjeSt5arrayIjLj10EEj
                0x00000d14       0xb4 main.o
                0x00000d14                spelletje(std::array<unsigned int, 10u>, unsigned int)
 .text._Z4kittj
                0x00000dc8       0x86 main.o
                0x00000dc8                kitt(unsigned int)
 *fill*         0x00000e4e        0x2 
 .text._Z7hetspelv
                0x00000e50      0x26c main.o
                0x00000e50                hetspel()
 .text.startup.main
                0x000010bc       0x32 main.o
                0x000010bc                main
 *fill*         0x000010ee        0x2 
 .text.__startup
                0x000010f0       0x40 bmptk_cortex.o
                0x000010f0                __startup
 .text          0x00001130       0xa0 d:/hbo-ict/ipass/gcc-arm-none-eabi-9-2019-q4-major-win32/bin/../lib/gcc/arm-none-eabi/9.2.1/thumb/v7-m/nofp\libgcc.a(_aeabi_ldivmod.o)
                0x00001130                __aeabi_ldivmod
 .text          0x000011d0       0x30 d:/hbo-ict/ipass/gcc-arm-none-eabi-9-2019-q4-major-win32/bin/../lib/gcc/arm-none-eabi/9.2.1/thumb/v7-m/nofp\libgcc.a(_aeabi_uldivmod.o)
                0x000011d0                __aeabi_uldivmod
 .text          0x00001200      0x2c4 d:/hbo-ict/ipass/gcc-arm-none-eabi-9-2019-q4-major-win32/bin/../lib/gcc/arm-none-eabi/9.2.1/thumb/v7-m/nofp\libgcc.a(_udivmoddi4.o)
                0x00001200                __udivmoddi4
 .text          0x000014c4        0x4 d:/hbo-ict/ipass/gcc-arm-none-eabi-9-2019-q4-major-win32/bin/../lib/gcc/arm-none-eabi/9.2.1/thumb/v7-m/nofp\libgcc.a(_dvmd_tls.o)
                0x000014c4                __aeabi_ldiv0
 .text.memmove  0x000014c8       0xd4 d:/hbo-ict/ipass/gcc-arm-none-eabi-9-2019-q4-major-win32/bin/../lib/gcc/arm-none-eabi/9.2.1/../../../../arm-none-eabi/lib/thumb/v7-m/nofp\libc.a(lib_a-memmove.o)
                0x000014c8                memmove
 .text.srand    0x0000159c       0x10 d:/hbo-ict/ipass/gcc-arm-none-eabi-9-2019-q4-major-win32/bin/../lib/gcc/arm-none-eabi/9.2.1/../../../../arm-none-eabi/lib/thumb/v7-m/nofp\libc.a(lib_a-rand.o)
                0x0000159c                srand
 .text.rand     0x000015ac       0x3c d:/hbo-ict/ipass/gcc-arm-none-eabi-9-2019-q4-major-win32/bin/../lib/gcc/arm-none-eabi/9.2.1/../../../../arm-none-eabi/lib/thumb/v7-m/nofp\libc.a(lib_a-rand.o)
                0x000015ac                rand
                0x000015e8                . = ALIGN (0x4)
 *(.glue_7t .glue_7)
 .glue_7        0x000015e8        0x0 linker stubs
 .glue_7t       0x000015e8        0x0 linker stubs
                0x000015e8                . = ALIGN (0x4)
 *(.rodata .rodata.* .gnu.linkonce.r.*)
 .rodata._ZN3due8pin_infoENS_4pinsE.str1.1
                0x000015e8       0x32 gy33.o
 .rodata._ZZN3due8pin_infoENS_4pinsEE14pin_info_array
                0x0000161a       0xa4 gy33.o
 *fill*         0x000016be        0x2 
 .rodata._ZTVN5hwlib15pin_out_dummy_tE
                0x000016c0       0x10 hwlib.o
                0x000016c0                vtable for hwlib::pin_out_dummy_t
 .rodata._ZTVN5hwlib20port_out_from_pins_tE
                0x000016d0       0x14 hwlib.o
                0x000016d0                vtable for hwlib::port_out_from_pins_t
 .rodata._ZTVN5hwlib20cout_using_uart_putcE
                0x000016e4       0x10 hwlib.o
                0x000016e4                vtable for hwlib::cout_using_uart_putc
 .rodata._Z9spelletjeSt5arrayIjLj10EEj.str1.1
                0x000016f4        0x6 main.o
 .rodata._Z7hetspelv.str1.1
                0x000016fa       0x43 main.o
 *fill*         0x0000173d        0x3 
 .rodata._ZTVN5hwlib26i2c_bus_bit_banged_scl_sdaE
                0x00001740       0x34 main.o
                0x00001740                vtable for hwlib::i2c_bus_bit_banged_scl_sda
 .rodata._ZTVN3due6pin_inE
                0x00001774       0x10 main.o
                0x00001774                vtable for due::pin_in
 .rodata._ZTVN3due7pin_outE
                0x00001784       0x10 main.o
                0x00001784                vtable for due::pin_out
 .rodata._ZTVN3due6pin_ocE
                0x00001794       0x18 main.o
                0x00001794                vtable for due::pin_oc
                0x000017ac                . = ALIGN (0x4)
 *(.ARM.extab* .gnu.linkonce.armextab.*)
                0x000017ac                . = ALIGN (0x4)
 *(.gcc_except_table)
                0x000017ac                . = ALIGN (0x4)
 *(.eh_frame_hdr)
                0x000017ac                . = ALIGN (0x4)
 *(.eh_frame)
                0x000017ac                . = ALIGN (0x4)
                0x000017ac                __text_end = .
                [!provide]                PROVIDE (__text_end = __text_end)

.vfp11_veneer   0x000017ac        0x0
 .vfp11_veneer  0x000017ac        0x0 linker stubs

.v4_bx          0x000017ac        0x0
 .v4_bx         0x000017ac        0x0 linker stubs

.iplt           0x000017ac        0x0
 .iplt          0x000017ac        0x0 gy33.o

.IF_YOU_SEE_THIS_YOU_HAVE_ONE_OR_MORE_GLOBAL_OBJECT_CONSTRUCTORS
 *(.init)
 *(.preinit_array)
 *(SORT_BY_NAME(.init_array.*))
 *(.init_array)
                0x000017ac                . = ALIGN (0x4)
                0x000017ac                __exidx_start = .
                [!provide]                PROVIDE (__exidx_start = __exidx_start)

.ARM.exidx      0x000017ac        0x8
 *(.ARM.exidx* .gnu.linkonce.armexidx.*)
 .ARM.exidx     0x000017ac        0x8 d:/hbo-ict/ipass/gcc-arm-none-eabi-9-2019-q4-major-win32/bin/../lib/gcc/arm-none-eabi/9.2.1/thumb/v7-m/nofp\libgcc.a(_udivmoddi4.o)

.rel.dyn        0x000017b4        0x0
 .rel.iplt      0x000017b4        0x0 gy33.o
                0x000017b4                . = ALIGN (0x4)
                0x000017b4                __exidx_end = .
                [!provide]                PROVIDE (__exidx_end = __exidx_end)

.bss            0x20070000    0x1201c
                0x20070000                . = ALIGN (0x4)
                0x20070000                __stack_start = .
                [!provide]                PROVIDE (__stack_start = __stack_start)
                0x20070000                . = ALIGN (0x4)
 *(.bmptk_stack)
 .bmptk_stack   0x20070000    0x12000 bmptk_fixed_size_stack.o
                0x20070000                bmptk_stack
                0x20082000                . = ALIGN (0x8)
                0x20082000                __main_stack_end = .
                [!provide]                PROVIDE (__main_stack_end = __main_stack_end)
                0x20082000                . = ALIGN (0x4)
                0x20082000                __stack_end = .
                [!provide]                PROVIDE (__stack_end = __stack_end)
                0x20082000                . = ALIGN (0x4)
                0x20082000                __bss_start = .
                [!provide]                PROVIDE (__bss_start = __bss_start)
                0x20082000                . = ALIGN (0x4)
 *(.bss .bss.* .gnu.linkonce.b.*)
 .bss._ZZN3due9now_ticksEvE4high
                0x20082000        0x8 gy33.o
 .bss._ZZN3due9now_ticksEvE8last_low
                0x20082008        0x4 gy33.o
 .bss._ZZN3due9now_ticksEvE9init_done
                0x2008200c        0x1 gy33.o
 *fill*         0x2008200d        0x3 
 .bss._ZN5hwlib15background_base5firstE
                0x20082010        0x4 hwlib.o
                0x20082010                hwlib::background_base::first
 .bss._ZN5hwlib15background_base7currentE
                0x20082014        0x4 hwlib.o
                0x20082014                hwlib::background_base::current
 .bss._ZN5hwlib15background_base7runningE
                0x20082018        0x1 hwlib.o
                0x20082018                hwlib::background_base::running
 .bss._ZZN3due9uart_initEvE9init_done
                0x20082019        0x1 hwlib.o
                0x2008201c                . = ALIGN (0x4)
 *fill*         0x2008201a        0x2 
 *(COMMON)
                0x2008201c                . = ALIGN (0x4)
                0x2008201c                __bss_end = .
                [!provide]                PROVIDE (__bss_end = __bss_end)

.data           0x20082020      0x450 load address 0x000017b4
                0x20082020                . = ALIGN (0x4)
                0x000017b4                __data_init_start = LOADADDR (.data)
                [!provide]                PROVIDE (__data_init_start = __data_init_start)
                0x20082020                __data_start = .
                [!provide]                PROVIDE (__data_start = __data_start)
                0x20082020                . = ALIGN (0x4)
 *(.data .data.* .gnu.linkonce.d.*)
 .data._ZN6sam3xa15SystemCoreClockE
                0x20082020        0x4 gy33.o
                0x20082020                sam3xa::SystemCoreClock
 .data._ZN3due7hw_uartE
                0x20082024        0x4 hwlib.o
                0x20082024                due::hw_uart
 .data._ZN5hwlib13pin_out_dummyE
                0x20082028        0x4 hwlib.o
                0x20082028                hwlib::pin_out_dummy
 .data._ZN5hwlib4coutE
                0x2008202c       0x14 hwlib.o
                0x2008202c                hwlib::cout
 .data._impure_ptr
                0x20082040        0x4 d:/hbo-ict/ipass/gcc-arm-none-eabi-9-2019-q4-major-win32/bin/../lib/gcc/arm-none-eabi/9.2.1/../../../../arm-none-eabi/lib/thumb/v7-m/nofp\libc.a(lib_a-impure.o)
                0x20082040                _impure_ptr
 *fill*         0x20082044        0x4 
 .data.impure_data
                0x20082048      0x428 d:/hbo-ict/ipass/gcc-arm-none-eabi-9-2019-q4-major-win32/bin/../lib/gcc/arm-none-eabi/9.2.1/../../../../arm-none-eabi/lib/thumb/v7-m/nofp\libc.a(lib_a-impure.o)
                0x20082470                . = ALIGN (0x4)
                0x20082470                __data_end = .
                [!provide]                PROVIDE (__data_end = __data_end)
                0x000017b4                __data_init_end = LOADADDR (.data)
                [!provide]                PROVIDE (__data_init_end = __data_init_end)
                [!provide]                PROVIDE (__data_size = (__data_end - __data_start))
                [!provide]                PROVIDE (__data_init_size = __data_size)
                [!provide]                PROVIDE (__data_init_end = (__data_init_start + __data_init_size))

.igot.plt       0x20082470        0x0 load address 0x00001c04
 .igot.plt      0x20082470        0x0 gy33.o
                0x20082470                . = ALIGN (0x4)
                0x20082470                __heap_start = .
                [!provide]                PROVIDE (__heap_start = __heap_start)
                0x20082470                . = ALIGN (0x4)
                0x20088000                __heap_end = __ram_end
                [!provide]                PROVIDE (__heap_end = __heap_end)

.stab
 *(.stab)

.stabstr
 *(.stabstr)

.debug
 *(.debug)

.line
 *(.line)

.debug_srcinfo
 *(.debug_srcinfo)

.debug_sfnames
 *(.debug_sfnames)

.debug_aranges
 *(.debug_aranges)

.debug_pubnames
 *(.debug_pubnames)

.debug_info
 *(.debug_info .gnu.linkonce.wi.*)

.debug_abbrev
 *(.debug_abbrev)

.debug_line
 *(.debug_line)

.debug_frame    0x00000000      0x120
 *(.debug_frame)
 .debug_frame   0x00000000       0x44 d:/hbo-ict/ipass/gcc-arm-none-eabi-9-2019-q4-major-win32/bin/../lib/gcc/arm-none-eabi/9.2.1/thumb/v7-m/nofp\libgcc.a(_aeabi_ldivmod.o)
 .debug_frame   0x00000044       0x2c d:/hbo-ict/ipass/gcc-arm-none-eabi-9-2019-q4-major-win32/bin/../lib/gcc/arm-none-eabi/9.2.1/thumb/v7-m/nofp\libgcc.a(_aeabi_uldivmod.o)
 .debug_frame   0x00000070       0x34 d:/hbo-ict/ipass/gcc-arm-none-eabi-9-2019-q4-major-win32/bin/../lib/gcc/arm-none-eabi/9.2.1/thumb/v7-m/nofp\libgcc.a(_udivmoddi4.o)
 .debug_frame   0x000000a4       0x40 d:/hbo-ict/ipass/gcc-arm-none-eabi-9-2019-q4-major-win32/bin/../lib/gcc/arm-none-eabi/9.2.1/../../../../arm-none-eabi/lib/thumb/v7-m/nofp\libc.a(lib_a-memmove.o)
 .debug_frame   0x000000e4       0x3c d:/hbo-ict/ipass/gcc-arm-none-eabi-9-2019-q4-major-win32/bin/../lib/gcc/arm-none-eabi/9.2.1/../../../../arm-none-eabi/lib/thumb/v7-m/nofp\libc.a(lib_a-rand.o)

.comment        0x00000000       0x79
 .comment       0x00000000       0x79 gy33.o
                                 0x7a (size before relaxing)
 .comment       0x00000079       0x7a hwlib.o
 .comment       0x00000079       0x7a main.o
 .comment       0x00000079       0x7a bmptk_cortex.o
 .comment       0x00000079       0x7a bmptk_fixed_size_stack.o

.debug_str
 *(.debug_str)

.debug_loc
 *(.debug_loc)

.debug_macinfo
 *(.debug_macinfo)

.debug_weaknames
 *(.debug_weaknames)

.debug_funcnames
 *(.debug_funcnames)

.debug_typenames
 *(.debug_typenames)

.debug_varnames
 *(.debug_varnames)

.note.gnu.arm.ident
 *(.note.gnu.arm.ident)

.ARM.attributes
                0x00000000       0x2d
 *(.ARM.attributes)
 .ARM.attributes
                0x00000000       0x2d gy33.o
 .ARM.attributes
                0x0000002d       0x2d hwlib.o
 .ARM.attributes
                0x0000005a       0x2d main.o
 .ARM.attributes
                0x00000087       0x2d bmptk_cortex.o
 .ARM.attributes
                0x000000b4       0x2d bmptk_heap_none.o
 .ARM.attributes
                0x000000e1       0x33 bmptk_fixed_size_stack.o
 .ARM.attributes
                0x00000114       0x1d d:/hbo-ict/ipass/gcc-arm-none-eabi-9-2019-q4-major-win32/bin/../lib/gcc/arm-none-eabi/9.2.1/thumb/v7-m/nofp\libgcc.a(_aeabi_ldivmod.o)
 .ARM.attributes
                0x00000131       0x1d d:/hbo-ict/ipass/gcc-arm-none-eabi-9-2019-q4-major-win32/bin/../lib/gcc/arm-none-eabi/9.2.1/thumb/v7-m/nofp\libgcc.a(_aeabi_uldivmod.o)
 .ARM.attributes
                0x0000014e       0x2d d:/hbo-ict/ipass/gcc-arm-none-eabi-9-2019-q4-major-win32/bin/../lib/gcc/arm-none-eabi/9.2.1/thumb/v7-m/nofp\libgcc.a(_udivmoddi4.o)
 .ARM.attributes
                0x0000017b       0x1d d:/hbo-ict/ipass/gcc-arm-none-eabi-9-2019-q4-major-win32/bin/../lib/gcc/arm-none-eabi/9.2.1/thumb/v7-m/nofp\libgcc.a(_dvmd_tls.o)
 .ARM.attributes
                0x00000198       0x2d d:/hbo-ict/ipass/gcc-arm-none-eabi-9-2019-q4-major-win32/bin/../lib/gcc/arm-none-eabi/9.2.1/../../../../arm-none-eabi/lib/thumb/v7-m/nofp\libc.a(lib_a-memmove.o)
 .ARM.attributes
                0x000001c5       0x2d d:/hbo-ict/ipass/gcc-arm-none-eabi-9-2019-q4-major-win32/bin/../lib/gcc/arm-none-eabi/9.2.1/../../../../arm-none-eabi/lib/thumb/v7-m/nofp\libc.a(lib_a-rand.o)
 .ARM.attributes
                0x000001f2       0x2d d:/hbo-ict/ipass/gcc-arm-none-eabi-9-2019-q4-major-win32/bin/../lib/gcc/arm-none-eabi/9.2.1/../../../../arm-none-eabi/lib/thumb/v7-m/nofp\libc.a(lib_a-impure.o)

/DISCARD/
 *(.note.GNU-stack)
                [!provide]                PROVIDE (__text_size = (__text_end - __text_start))
                [!provide]                PROVIDE (__exidx_size = (__exidx_end - __exidx_start))
                [!provide]                PROVIDE (__bss_size = (__bss_end - __bss_start))
                [!provide]                PROVIDE (__stack_size = (__stack_end - __stack_start))
                [!provide]                PROVIDE (__heap_size = (__heap_end - __heap_start))
OUTPUT(main.elf elf32-littlearm)
